Archive member included to satisfy reference by file (symbol)

D:/Msys2/mingw64/bin/../lib/gcc/arm-none-eabi/13.3.0/../../../../arm-none-eabi/lib/thumb/v7e-m+fp/hard\libc_nano.a(libc_a-atexit.o)
                              D:/Msys2/mingw64/bin/../lib/gcc/arm-none-eabi/13.3.0/../../../../arm-none-eabi/lib/thumb/v7e-m+fp/hard/crt0.o (atexit)
D:/Msys2/mingw64/bin/../lib/gcc/arm-none-eabi/13.3.0/../../../../arm-none-eabi/lib/thumb/v7e-m+fp/hard\libc_nano.a(libc_a-exit.o)
                              D:/Msys2/mingw64/bin/../lib/gcc/arm-none-eabi/13.3.0/../../../../arm-none-eabi/lib/thumb/v7e-m+fp/hard/crt0.o (exit)
D:/Msys2/mingw64/bin/../lib/gcc/arm-none-eabi/13.3.0/../../../../arm-none-eabi/lib/thumb/v7e-m+fp/hard\libc_nano.a(libc_a-itoa.o)
                              build/HT04.o (__itoa)
D:/Msys2/mingw64/bin/../lib/gcc/arm-none-eabi/13.3.0/../../../../arm-none-eabi/lib/thumb/v7e-m+fp/hard\libc_nano.a(libc_a-malloc.o)
                              build/bsp_pwm.o (malloc)
D:/Msys2/mingw64/bin/../lib/gcc/arm-none-eabi/13.3.0/../../../../arm-none-eabi/lib/thumb/v7e-m+fp/hard\libc_nano.a(libc_a-mallocr.o)
                              D:/Msys2/mingw64/bin/../lib/gcc/arm-none-eabi/13.3.0/../../../../arm-none-eabi/lib/thumb/v7e-m+fp/hard\libc_nano.a(libc_a-malloc.o) (_malloc_r)
D:/Msys2/mingw64/bin/../lib/gcc/arm-none-eabi/13.3.0/../../../../arm-none-eabi/lib/thumb/v7e-m+fp/hard\libc_nano.a(libc_a-mlock.o)
                              D:/Msys2/mingw64/bin/../lib/gcc/arm-none-eabi/13.3.0/../../../../arm-none-eabi/lib/thumb/v7e-m+fp/hard\libc_nano.a(libc_a-mallocr.o) (__malloc_lock)
D:/Msys2/mingw64/bin/../lib/gcc/arm-none-eabi/13.3.0/../../../../arm-none-eabi/lib/thumb/v7e-m+fp/hard\libc_nano.a(libc_a-utoa.o)
                              D:/Msys2/mingw64/bin/../lib/gcc/arm-none-eabi/13.3.0/../../../../arm-none-eabi/lib/thumb/v7e-m+fp/hard\libc_nano.a(libc_a-itoa.o) (__utoa)
D:/Msys2/mingw64/bin/../lib/gcc/arm-none-eabi/13.3.0/../../../../arm-none-eabi/lib/thumb/v7e-m+fp/hard\libc_nano.a(libc_a-findfp.o)
                              D:/Msys2/mingw64/bin/../lib/gcc/arm-none-eabi/13.3.0/../../../../arm-none-eabi/lib/thumb/v7e-m+fp/hard\libc_nano.a(libc_a-exit.o) (__stdio_exit_handler)
D:/Msys2/mingw64/bin/../lib/gcc/arm-none-eabi/13.3.0/../../../../arm-none-eabi/lib/thumb/v7e-m+fp/hard\libc_nano.a(libc_a-fwalk.o)
                              D:/Msys2/mingw64/bin/../lib/gcc/arm-none-eabi/13.3.0/../../../../arm-none-eabi/lib/thumb/v7e-m+fp/hard\libc_nano.a(libc_a-findfp.o) (_fwalk_sglue)
D:/Msys2/mingw64/bin/../lib/gcc/arm-none-eabi/13.3.0/../../../../arm-none-eabi/lib/thumb/v7e-m+fp/hard\libc_nano.a(libc_a-sprintf.o)
                              build/bsp_log.o (sprintf)
D:/Msys2/mingw64/bin/../lib/gcc/arm-none-eabi/13.3.0/../../../../arm-none-eabi/lib/thumb/v7e-m+fp/hard\libc_nano.a(libc_a-stdio.o)
                              D:/Msys2/mingw64/bin/../lib/gcc/arm-none-eabi/13.3.0/../../../../arm-none-eabi/lib/thumb/v7e-m+fp/hard\libc_nano.a(libc_a-findfp.o) (__sread)
D:/Msys2/mingw64/bin/../lib/gcc/arm-none-eabi/13.3.0/../../../../arm-none-eabi/lib/thumb/v7e-m+fp/hard\libc_nano.a(libc_a-vsprintf.o)
                              build/oled.o (vsprintf)
D:/Msys2/mingw64/bin/../lib/gcc/arm-none-eabi/13.3.0/../../../../arm-none-eabi/lib/thumb/v7e-m+fp/hard\libc_nano.a(libc_a-memset.o)
                              D:/Msys2/mingw64/bin/../lib/gcc/arm-none-eabi/13.3.0/../../../../arm-none-eabi/lib/thumb/v7e-m+fp/hard/crt0.o (memset)
D:/Msys2/mingw64/bin/../lib/gcc/arm-none-eabi/13.3.0/../../../../arm-none-eabi/lib/thumb/v7e-m+fp/hard\libc_nano.a(libc_a-strcat.o)
                              build/HT04.o (strcat)
D:/Msys2/mingw64/bin/../lib/gcc/arm-none-eabi/13.3.0/../../../../arm-none-eabi/lib/thumb/v7e-m+fp/hard\libc_nano.a(libc_a-strnlen.o)
                              build/message_center.o (strnlen)
D:/Msys2/mingw64/bin/../lib/gcc/arm-none-eabi/13.3.0/../../../../arm-none-eabi/lib/thumb/v7e-m+fp/hard\libc_nano.a(libc_a-closer.o)
                              D:/Msys2/mingw64/bin/../lib/gcc/arm-none-eabi/13.3.0/../../../../arm-none-eabi/lib/thumb/v7e-m+fp/hard\libc_nano.a(libc_a-stdio.o) (_close_r)
D:/Msys2/mingw64/bin/../lib/gcc/arm-none-eabi/13.3.0/../../../../arm-none-eabi/lib/thumb/v7e-m+fp/hard\libc_nano.a(libc_a-reent.o)
                              D:/Msys2/mingw64/bin/../lib/gcc/arm-none-eabi/13.3.0/../../../../arm-none-eabi/lib/thumb/v7e-m+fp/hard\libc_nano.a(libc_a-closer.o) (errno)
D:/Msys2/mingw64/bin/../lib/gcc/arm-none-eabi/13.3.0/../../../../arm-none-eabi/lib/thumb/v7e-m+fp/hard\libc_nano.a(libc_a-impure.o)
                              D:/Msys2/mingw64/bin/../lib/gcc/arm-none-eabi/13.3.0/../../../../arm-none-eabi/lib/thumb/v7e-m+fp/hard\libc_nano.a(libc_a-malloc.o) (_impure_ptr)
D:/Msys2/mingw64/bin/../lib/gcc/arm-none-eabi/13.3.0/../../../../arm-none-eabi/lib/thumb/v7e-m+fp/hard\libc_nano.a(libc_a-lseekr.o)
[...]
Memory Configuration

Name             Origin             Length             Attributes
RAM              0x20000000         0x00020000         xrw
CCMRAM           0x10000000         0x00010000         xrw
FLASH            0x08000000         0x00100000         xr
*default*        0x00000000         0xffffffff

Linker script and memory map

LOAD D:/Msys2/mingw64/bin/../lib/gcc/arm-none-eabi/13.3.0/thumb/v7e-m+fp/hard/crti.o
LOAD D:/Msys2/mingw64/bin/../lib/gcc/arm-none-eabi/13.3.0/thumb/v7e-m+fp/hard/crtbegin.o
LOAD D:/Msys2/mingw64/bin/../lib/gcc/arm-none-eabi/13.3.0/../../../../arm-none-eabi/lib/thumb/v7e-m+fp/hard/crt0.o
LOAD build/main.o
LOAD build/gpio.o
LOAD build/freertos.o
LOAD build/adc.o
LOAD build/can.o
LOAD build/crc.o
LOAD build/dac.o
LOAD build/dma.o
LOAD build/i2c.o
LOAD build/rng.o
LOAD build/rtc.o
LOAD build/spi.o
LOAD build/tim.o
LOAD build/usart.o
LOAD build/usb_device.o
LOAD build/usbd_conf.o
LOAD build/usbd_desc.o
LOAD build/usbd_cdc_if.o
LOAD build/stm32f4xx_it.o
LOAD build/stm32f4xx_hal_msp.o
LOAD build/stm32f4xx_hal_timebase_tim.o
LOAD build/stm32f4xx_hal_pcd.o
LOAD build/stm32f4xx_hal_pcd_ex.o
LOAD build/stm32f4xx_ll_usb.o
LOAD build/stm32f4xx_hal_rcc.o
LOAD build/stm32f4xx_hal_rcc_ex.o
LOAD build/stm32f4xx_hal_flash.o
LOAD build/stm32f4xx_hal_flash_ex.o
LOAD build/stm32f4xx_hal_flash_ramfunc.o
LOAD build/stm32f4xx_hal_gpio.o
LOAD build/stm32f4xx_hal_dma_ex.o
LOAD build/stm32f4xx_hal_dma.o
LOAD build/stm32f4xx_hal_pwr.o
LOAD build/stm32f4xx_hal_pwr_ex.o
LOAD build/stm32f4xx_hal_cortex.o
LOAD build/stm32f4xx_hal.o
LOAD build/stm32f4xx_hal_exti.o
LOAD build/stm32f4xx_hal_adc.o
LOAD build/stm32f4xx_hal_adc_ex.o
LOAD build/stm32f4xx_ll_adc.o
LOAD build/stm32f4xx_hal_can.o
LOAD build/stm32f4xx_hal_crc.o
LOAD build/stm32f4xx_hal_dac.o
LOAD build/stm32f4xx_hal_dac_ex.o
LOAD build/stm32f4xx_hal_i2c.o
LOAD build/stm32f4xx_hal_i2c_ex.o
LOAD build/stm32f4xx_hal_rng.o
LOAD build/stm32f4xx_hal_rtc.o
LOAD build/stm32f4xx_hal_rtc_ex.o
LOAD build/stm32f4xx_hal_spi.o
LOAD build/stm32f4xx_hal_tim.o
LOAD build/stm32f4xx_hal_tim_ex.o
LOAD build/stm32f4xx_hal_uart.o
LOAD build/system_stm32f4xx.o
LOAD build/croutine.o
LOAD build/event_groups.o
LOAD build/list.o
LOAD build/queue.o
LOAD build/stream_buffer.o
LOAD build/tasks.o
LOAD build/timers.o
LOAD build/cmsis_os.o
LOAD build/heap_4.o
LOAD build/port.o
LOAD build/usbd_core.o
LOAD build/usbd_ctlreq.o
LOAD build/usbd_ioreq.o
LOAD build/usbd_cdc.o
LOAD build/SEGGER_RTT_printf.o
LOAD build/SEGGER_RTT.o
LOAD build/bsp_dwt.o
LOAD build/bsp_pwm.o
LOAD build/bsp_gpio.o
LOAD build/bsp_spi.o
LOAD build/bsp_iic.o
LOAD build/bsp_can.o
LOAD build/bsp_usart.o
LOAD build/bsp_usb.o
LOAD build/bsp_log.o
LOAD build/bsp_flash.o
LOAD build/bsp_tools.o
LOAD build/LQR.o
LOAD build/VMC.o
LOAD build/controller.o
LOAD build/kalman_filter.o
LOAD build/QuaternionEKF.o
LOAD build/RLS.o
LOAD build/crc8.o
LOAD build/crc16.o
LOAD build/user_lib.o
LOAD build/HC05.o
LOAD build/bmi088.o
LOAD build/BMI088driver.o
LOAD build/BMI088Middleware.o
LOAD build/ins_task.o
LOAD build/ist8310.o
LOAD build/master_process.o
LOAD build/seasky_protocol.o
LOAD build/dji_motor.o
LOAD build/HT04.o
LOAD build/LK9025.o
LOAD build/dmmotor.o
LOAD build/drmotor.o
LOAD build/xmmotor.o
LOAD build/step_motor.o
LOAD build/servo_motor.o
LOAD build/motor_task.o
LOAD build/oled.o
LOAD build/crc_ref.o
LOAD build/rm_referee.o
LOAD build/referee_UI.o
LOAD build/referee_task.o
LOAD build/remote_control.o
LOAD build/super_cap.o
LOAD build/power_manager.o
LOAD build/can_comm.o
LOAD build/message_center.o
LOAD build/daemon.o
LOAD build/buzzer.o
LOAD build/led.o
LOAD build/gimbal.o
LOAD build/balance_chassis.o
LOAD build/chassis.o
LOAD build/shoot.o
LOAD build/robot_cmd.o
LOAD build/infantry_config.o
LOAD build/sentinel_config.o
LOAD build/hero_config.o
LOAD build/robot.o
LOAD build/robot_def.o
LOAD build/startup_stm32f407xx.o
LOAD build/SEGGER_RTT_ASM_ARMv7M.o
LOAD D:/Msys2/mingw64/bin/../lib/gcc/arm-none-eabi/13.3.0/../../../../arm-none-eabi/lib/thumb/v7e-m+fp/hard\libc_nano.a
LOAD D:/Msys2/mingw64/bin/../lib/gcc/arm-none-eabi/13.3.0/../../../../arm-none-eabi/lib/thumb/v7e-m+fp/hard\libm.a
LOAD D:/Msys2/mingw64/bin/../lib/gcc/arm-none-eabi/13.3.0/../../../../arm-none-eabi/lib/thumb/v7e-m+fp/hard\libnosys.a
LOAD Middlewares/ST/ARM/DSP/Lib/libCMSISDSP.a
START GROUP
LOAD D:/Msys2/mingw64/bin/../lib/gcc/arm-none-eabi/13.3.0/thumb/v7e-m+fp/hard\libgcc.a
LOAD D:/Msys2/mingw64/bin/../lib/gcc/arm-none-eabi/13.3.0/../../../../arm-none-eabi/lib/thumb/v7e-m+fp/hard\libc_nano.a
END GROUP
START GROUP
LOAD D:/Msys2/mingw64/bin/../lib/gcc/arm-none-eabi/13.3.0/thumb/v7e-m+fp/hard\libgcc.a
LOAD D:/Msys2/mingw64/bin/../lib/gcc/arm-none-eabi/13.3.0/../../../../arm-none-eabi/lib/thumb/v7e-m+fp/hard\libc_nano.a
END GROUP
LOAD D:/Msys2/mingw64/bin/../lib/gcc/arm-none-eabi/13.3.0/thumb/v7e-m+fp/hard/crtend.o
LOAD D:/Msys2/mingw64/bin/../lib/gcc/arm-none-eabi/13.3.0/thumb/v7e-m+fp/hard/crtn.o
                0x20020000                        _estack = (ORIGIN (RAM) + LENGTH (RAM))
                0x00005000                        _Min_Heap_Size = 0x5000
                0x00005000                        _Min_Stack_Size = 0x5000

.isr_vector     0x08000000      0x188
                0x08000000                        . = ALIGN (0x4)
 *(.isr_vector)
 .isr_vector    0x08000000      0x188 build/startup_stm32f407xx.o
                0x08000000                g_pfnVectors
                0x08000188                        . = ALIGN (0x4)

.text           0x080001a0    0x15034
                0x080001a0                        . = ALIGN (0x4)
 *(.text)
 .text          0x080001a0       0x58 D:/Msys2/mingw64/bin/../lib/gcc/arm-none-eabi/13.3.0/../../../../arm-none-eabi/lib/thumb/v7e-m+fp/hard\libc_nano.a(libc_a-itoa.o)
                0x080001a0                __itoa
                0x080001cc                itoa
 .text          0x080001f8       0x20 D:/Msys2/mingw64/bin/../lib/gcc/arm-none-eabi/13.3.0/../../../../arm-none-eabi/lib/thumb/v7e-m+fp/hard\libc_nano.a(libc_a-malloc.o)
                0x080001f8                malloc
                0x08000208                free
 .text          0x08000218      0x140 D:/Msys2/mingw64/bin/../lib/gcc/arm-none-eabi/13.3.0/../../../../arm-none-eabi/lib/thumb/v7e-m+fp/hard\libc_nano.a(libc_a-mallocr.o)
                0x08000260                _malloc_r
 .text          0x08000358       0x18 D:/Msys2/mingw64/bin/../lib/gcc/arm-none-eabi/13.3.0/../../../../arm-none-eabi/lib/thumb/v7e-m+fp/hard\libc_nano.a(libc_a-mlock.o)
                0x08000358                __malloc_lock
                0x08000364                __malloc_unlock
 .text          0x08000370       0xa0 D:/Msys2/mingw64/bin/../lib/gcc/arm-none-eabi/13.3.0/../../../../arm-none-eabi/lib/thumb/v7e-m+fp/hard\libc_nano.a(libc_a-utoa.o)
                0x08000370                __utoa
                0x0800040c                utoa
 .text          0x08000410       0xa4 D:/Msys2/mingw64/bin/../lib/gcc/arm-none-eabi/13.3.0/../../../../arm-none-eabi/lib/thumb/v7e-m+fp/hard\libc_nano.a(libc_a-memset.o)
                0x08000410                memset
 .text          0x080004b4       0x40 D:/Msys2/mingw64/bin/../lib/gcc/arm-none-eabi/13.3.0/../../../../arm-none-eabi/lib/thumb/v7e-m+fp/hard\libc_nano.a(libc_a-strcat.o)
                0x080004b4                strcat
 .text          0x080004f4       0x24 D:/Msys2/mingw64/bin/../lib/gcc/arm-none-eabi/13.3.0/../../../../arm-none-eabi/lib/thumb/v7e-m+fp/hard\libc_nano.a(libc_a-strnlen.o)
                0x080004f4                strnlen
 .text          0x08000518       0x24 D:/Msys2/mingw64/bin/../lib/gcc/arm-none-eabi/13.3.0/../../../../arm-none-eabi/lib/thumb/v7e-m+fp/hard\libc_nano.a(libc_a-sbrkr.o)
                0x08000518                _sbrk_r
 .text          0x0800053c       0x50 D:/Msys2/mingw64/bin/../lib/gcc/arm-none-eabi/13.3.0/../../../../arm-none-eabi/lib/thumb/v7e-m+fp/hard\libc_nano.a(libc_a-init.o)
                0x0800053c                __libc_init_array
 .text          0x0800058c       0x28 D:/Msys2/mingw64/bin/../lib/gcc/arm-none-eabi/13.3.0/../../../../arm-none-eabi/lib/thumb/v7e-m+fp/hard\libc_nano.a(libc_a-lock.o)
                0x0800058c                __retarget_lock_init
                0x08000590                __retarget_lock_init_recursive
                0x08000594                __retarget_lock_close
                0x08000598                __retarget_lock_close_recursive
                0x0800059c                __retarget_lock_acquire
                0x080005a0                __retarget_lock_acquire_recursive
                0x080005a4                __retarget_lock_try_acquire
                0x080005a8                __retarget_lock_try_acquire_recursive
                0x080005ac                __retarget_lock_release
                0x080005b0                __retarget_lock_release_recursive
 *fill*         0x080005b4        0xc 
 .text          0x080005c0      0x2e0 D:/Msys2/mingw64/bin/../lib/gcc/arm-none-eabi/13.3.0/../../../../arm-none-eabi/lib/thumb/v7e-m+fp/hard\libc_nano.a(libc_a-strcmp.o)
                0x080005c0                strcmp
 .text          0x080008a0       0xbc D:/Msys2/mingw64/bin/../lib/gcc/arm-none-eabi/13.3.0/../../../../arm-none-eabi/lib/thumb/v7e-m+fp/hard\libc_nano.a(libc_a-strcpy.o)
                0x080008a0                strcpy
 .text          0x0800095c      0x134 D:/Msys2/mingw64/bin/../lib/gcc/arm-none-eabi/13.3.0/../../../../arm-none-eabi/lib/thumb/v7e-m+fp/hard\libc_nano.a(libc_a-memcpy.o)
                0x0800095c                memcpy
 .text          0x08000a90       0xbc D:/Msys2/mingw64/bin/../lib/gcc/arm-none-eabi/13.3.0/../../../../arm-none-eabi/lib/thumb/v7e-m+fp/hard\libc_nano.a(libc_a-freer.o)
                0x08000a90                _free_r
 .text          0x08000b4c       0x58 D:/Msys2/mingw64/bin/../lib/gcc/arm-none-eabi/13.3.0/../../../../arm-none-eabi/lib/thumb/v7e-m+fp/hard\libm.a(libm_a-wf_acos.o)
                0x08000b4c                acosf
 .text          0x08000ba4       0x58 D:/Msys2/mingw64/bin/../lib/gcc/arm-none-eabi/13.3.0/../../../../arm-none-eabi/lib/thumb/v7e-m+fp/hard\libm.a(libm_a-wf_asin.o)
                0x08000ba4                asinf
 .text          0x08000bfc        0x4 D:/Msys2/mingw64/bin/../lib/gcc/arm-none-eabi/13.3.0/../../../../arm-none-eabi/lib/thumb/v7e-m+fp/hard\libm.a(libm_a-wf_atan2.o)
                0x08000bfc                atan2f
 .text          0x08000c00       0xbc D:/Msys2/mingw64/bin/../lib/gcc/arm-none-eabi/13.3.0/../../../../arm-none-eabi/lib/thumb/v7e-m+fp/hard\libm.a(libm_a-wf_pow.o)
                0x08000c00                powf
 .text          0x08000cbc       0x44 D:/Msys2/mingw64/bin/../lib/gcc/arm-none-eabi/13.3.0/../../../../arm-none-eabi/lib/thumb/v7e-m+fp/hard\libm.a(libm_a-wf_sqrt.o)
                0x08000cbc                sqrtf
 .text          0x08000d00       0x70 D:/Msys2/mingw64/bin/../lib/gcc/arm-none-eabi/13.3.0/../../../../arm-none-eabi/lib/thumb/v7e-m+fp/hard\libm.a(libm_a-sf_cos.o)
                0x08000d00                cosf
 .text          0x08000d70       0x10 D:/Msys2/mingw64/bin/../lib/gcc/arm-none-eabi/13.3.0/../../../../arm-none-eabi/lib/thumb/v7e-m+fp/hard\libm.a(libm_a-sf_fabs.o)
                0x08000d70                fabsf
 .text          0x08000d80       0x74 D:/Msys2/mingw64/bin/../lib/gcc/arm-none-eabi/13.3.0/../../../../arm-none-eabi/lib/thumb/v7e-m+fp/hard\libm.a(libm_a-sf_sin.o)
                0x08000d80                sinf
 .text          0x08000df4       0x14 D:/Msys2/mingw64/bin/../lib/gcc/arm-none-eabi/13.3.0/../../../../arm-none-eabi/lib/thumb/v7e-m+fp/hard\libm.a(libm_a-sf_finite.o)
                0x08000df4                finitef
 .text          0x08000e08        0xc D:/Msys2/mingw64/bin/../lib/gcc/arm-none-eabi/13.3.0/../../../../arm-none-eabi/lib/thumb/v7e-m+fp/hard\libm.a(libm_a-sf_nan.o)
                0x08000e08                nanf
 .text          0x08000e14        0x8 D:/Msys2/mingw64/bin/../lib/gcc/arm-none-eabi/13.3.0/../../../../arm-none-eabi/lib/thumb/v7e-m+fp/hard\libm.a(libm_a-ef_sqrt.o)
                0x08000e14                __ieee754_sqrtf
 .text          0x08000e1c      0x104 D:/Msys2/mingw64/bin/../lib/gcc/arm-none-eabi/13.3.0/../../../../arm-none-eabi/lib/thumb/v7e-m+fp/hard\libm.a(libm_a-kf_cos.o)
                0x08000e1c                __kernel_cosf
 .text          0x08000f20       0x90 D:/Msys2/mingw64/bin/../lib/gcc/arm-none-eabi/13.3.0/../../../../arm-none-eabi/lib/thumb/v7e-m+fp/hard\libm.a(libm_a-kf_sin.o)
                0x08000f20                __kernel_sinf
 .text          0x08000fb0      0x24c D:/Msys2/mingw64/bin/../lib/gcc/arm-none-eabi/13.3.0/../../../../arm-none-eabi/lib/thumb/v7e-m+fp/hard\libm.a(libm_a-ef_acos.o)
                0x08000fb0                __ieee754_acosf
 .text          0x080011fc      0x1fc D:/Msys2/mingw64/bin/../lib/gcc/arm-none-eabi/13.3.0/../../../../arm-none-eabi/lib/thumb/v7e-m+fp/hard\libm.a(libm_a-ef_asin.o)
                0x080011fc                __ieee754_asinf
 .text          0x080013f8      0x14c D:/Msys2/mingw64/bin/../lib/gcc/arm-none-eabi/13.3.0/../../../../arm-none-eabi/lib/thumb/v7e-m+fp/hard\libm.a(libm_a-ef_atan2.o)
                0x080013f8                __ieee754_atan2f
 .text          0x08001544      0x68c D:/Msys2/mingw64/bin/../lib/gcc/arm-none-eabi/13.3.0/../../../../arm-none-eabi/lib/thumb/v7e-m+fp/hard\libm.a(libm_a-ef_pow.o)
                0x08001544                __ieee754_powf
 .text          0x08001bd0      0x260 D:/Msys2/mingw64/bin/../lib/gcc/arm-none-eabi/13.3.0/../../../../arm-none-eabi/lib/thumb/v7e-m+fp/hard\libm.a(libm_a-ef_rem_pio2.o)
                0x08001bd0                __ieee754_rem_pio2f
 .text          0x08001e30      0x1a0 D:/Msys2/mingw64/bin/../lib/gcc/arm-none-eabi/13.3.0/../../../../arm-none-eabi/lib/thumb/v7e-m+fp/hard\libm.a(libm_a-sf_atan.o)
                0x08001e30                atanf
 .text          0x08001fd0       0xe4 D:/Msys2/mingw64/bin/../lib/gcc/arm-none-eabi/13.3.0/../../../../arm-none-eabi/lib/thumb/v7e-m+fp/hard\libm.a(libm_a-sf_scalbn.o)
                0x08001fd0                scalbnf
 .text          0x080020b4       0x8c D:/Msys2/mingw64/bin/../lib/gcc/arm-none-eabi/13.3.0/../../../../arm-none-eabi/lib/thumb/v7e-m+fp/hard\libm.a(libm_a-math_errf.o)
                0x080020ec                __math_uflowf
                0x080020f8                __math_oflowf
                0x08002104                __math_divzerof
                0x08002124                __math_invalidf
 .text          0x08002140      0x678 D:/Msys2/mingw64/bin/../lib/gcc/arm-none-eabi/13.3.0/../../../../arm-none-eabi/lib/thumb/v7e-m+fp/hard\libm.a(libm_a-kf_rem_pio2.o)
                0x08002140                __kernel_rem_pio2f
 .text          0x080027b8       0x94 D:/Msys2/mingw64/bin/../lib/gcc/arm-none-eabi/13.3.0/../../../../arm-none-eabi/lib/thumb/v7e-m+fp/hard\libm.a(libm_a-sf_floor.o)
                0x080027b8                floorf
 .text          0x0800284c       0x1c D:/Msys2/mingw64/bin/../lib/gcc/arm-none-eabi/13.3.0/../../../../arm-none-eabi/lib/thumb/v7e-m+fp/hard\libnosys.a(sbrk.o)
                0x0800284c                _sbrk
 .text          0x08002868      0x378 D:/Msys2/mingw64/bin/../lib/gcc/arm-none-eabi/13.3.0/thumb/v7e-m+fp/hard\libgcc.a(_arm_addsubdf3.o)
                0x08002868                __aeabi_drsub
                0x08002870                __aeabi_dsub
                0x08002870                __subdf3
                0x08002874                __aeabi_dadd
                0x08002874                __adddf3
                0x08002aec                __floatunsidf
                0x08002aec                __aeabi_ui2d
                0x08002b0c                __floatsidf
                0x08002b0c                __aeabi_i2d
                0x08002b30                __aeabi_f2d
                0x08002b30                __extendsfdf2
                0x08002b74                __floatundidf
                0x08002b74                __aeabi_ul2d
                0x08002b84                __floatdidf
                0x08002b84                __aeabi_l2d
 .text          0x08002be0      0x424 D:/Msys2/mingw64/bin/../lib/gcc/arm-none-eabi/13.3.0/thumb/v7e-m+fp/hard\libgcc.a(_arm_muldivdf3.o)
                0x08002be0                __aeabi_dmul
                0x08002be0                __muldf3
                0x08002e34                __divdf3
                0x08002e34                __aeabi_ddiv
 .text          0x08003004       0xa0 D:/Msys2/mingw64/bin/../lib/gcc/arm-none-eabi/13.3.0/thumb/v7e-m+fp/hard\libgcc.a(_arm_truncdfsf2.o)
                0x08003004                __truncdfsf2
                0x08003004                __aeabi_d2f
 .text          0x080030a4       0x30 D:/Msys2/mingw64/bin/../lib/gcc/arm-none-eabi/13.3.0/thumb/v7e-m+fp/hard\libgcc.a(_aeabi_uldivmod.o)
                0x080030a4                __aeabi_uldivmod
 .text          0x080030d4        0x4 D:/Msys2/mingw64/bin/../lib/gcc/arm-none-eabi/13.3.0/thumb/v7e-m+fp/hard\libgcc.a(_dvmd_tls.o)
                0x080030d4                __aeabi_idiv0
                0x080030d4                __aeabi_ldiv0
 .text          0x080030d8        0xc D:/Msys2/mingw64/bin/../lib/gcc/arm-none-eabi/13.3.0/../../../../arm-none-eabi/lib/thumb/v7e-m+fp/hard\libc_nano.a(libc_a-errno.o)
                0x080030d8                __errno
 *(.text*)
 .text.__do_global_dtors_aux
                0x080030e4       0x24 D:/Msys2/mingw64/bin/../lib/gcc/arm-none-eabi/13.3.0/thumb/v7e-m+fp/hard/crtbegin.o
 .text.frame_dummy
                0x08003108       0x1c D:/Msys2/mingw64/bin/../lib/gcc/arm-none-eabi/13.3.0/thumb/v7e-m+fp/hard/crtbegin.o
 .text.HAL_TIM_PeriodElapsedCallback
                0x08003124       0x18 build/main.o
                0x08003124                HAL_TIM_PeriodElapsedCallback
 .text.Error_Handler
                0x0800313c        0x4 build/main.o
                0x0800313c                Error_Handler
 .text.SystemClock_Config
                0x08003140       0xa8 build/main.o
                0x08003140                SystemClock_Config
 .text.main     0x080031e8       0x6c build/main.o
                0x080031e8                main
 .text.MX_GPIO_Init
                0x08003254      0x1a8 build/gpio.o
                0x08003254                MX_GPIO_Init
 .text.StartDefaultTask
                0x080033fc        0xe build/freertos.o
                0x080033fc                StartDefaultTask
 *fill*         0x0800340a        0x2 
 .text.vApplicationGetIdleTaskMemory
                0x0800340c       0x18 build/freertos.o
                0x0800340c                vApplicationGetIdleTaskMemory
 .text.MX_FREERTOS_Init
                0x08003424       0x30 build/freertos.o
                0x08003424                MX_FREERTOS_Init
 .text.MX_ADC1_Init
                0x08003454       0x70 build/adc.o
                0x08003454                MX_ADC1_Init
 .text.HAL_ADC_MspInit
                0x080034c4       0x30 build/adc.o
                0x080034c4                HAL_ADC_MspInit
 .text.MX_CAN1_Init
                0x080034f4       0x44 build/can.o
                0x080034f4                MX_CAN1_Init
 .text.MX_CAN2_Init
                0x08003538       0x44 build/can.o
                0x08003538                MX_CAN2_Init
 .text.HAL_CAN_MspInit
                0x0800357c      0x140 build/can.o
                0x0800357c                HAL_CAN_MspInit
 .text.MX_CRC_Init
                0x080036bc       0x20 build/crc.o
                0x080036bc                MX_CRC_Init
 .text.HAL_CRC_MspInit
                0x080036dc       0x30 build/crc.o
                0x080036dc                HAL_CRC_MspInit
 .text.MX_DAC_Init
                0x0800370c       0x44 build/dac.o
                0x0800370c                MX_DAC_Init
 .text.HAL_DAC_MspInit
                0x08003750       0x68 build/dac.o
                0x08003750                HAL_DAC_MspInit
 .text.MX_DMA_Init
                0x080037b8       0xc8 build/dma.o
                0x080037b8                MX_DMA_Init
 .text.MX_I2C2_Init
                0x08003880       0x3c build/i2c.o
                0x08003880                MX_I2C2_Init
 .text.MX_I2C3_Init
                0x080038bc       0x3c build/i2c.o
                0x080038bc                MX_I2C3_Init
 .text.HAL_I2C_MspInit
                0x080038f8      0x1b4 build/i2c.o
                0x080038f8                HAL_I2C_MspInit
 .text.MX_RNG_Init
                0x08003aac       0x20 build/rng.o
                0x08003aac                MX_RNG_Init
 .text.HAL_RNG_MspInit
                0x08003acc       0x30 build/rng.o
                0x08003acc                HAL_RNG_MspInit
 .text.MX_RTC_Init
                0x08003afc       0x34 build/rtc.o
                0x08003afc                MX_RTC_Init
 .text.HAL_RTC_MspInit
                0x08003b30       0x48 build/rtc.o
                0x08003b30                HAL_RTC_MspInit
 .text.MX_SPI1_Init
                0x08003b78       0x48 build/spi.o
                0x08003b78                MX_SPI1_Init
 .text.MX_SPI2_Init
                0x08003bc0       0x48 build/spi.o
                0x08003bc0                MX_SPI2_Init
 .text.HAL_SPI_MspInit
                0x08003c08      0x1ac build/spi.o
                0x08003c08                HAL_SPI_MspInit
 .text.HAL_TIM_Base_MspInit
                0x08003db4       0xd0 build/tim.o
                0x08003db4                HAL_TIM_Base_MspInit
 .text.HAL_TIM_MspPostInit
                0x08003e84      0x188 build/tim.o
                0x08003e84                HAL_TIM_MspPostInit
 .text.MX_TIM1_Init
                0x0800400c      0x120 build/tim.o
                0x0800400c                MX_TIM1_Init
 .text.MX_TIM4_Init
                0x0800412c       0xb0 build/tim.o
                0x0800412c                MX_TIM4_Init
 .text.MX_TIM5_Init
                0x080041dc       0xd4 build/tim.o
                0x080041dc                MX_TIM5_Init
 .text.MX_TIM8_Init
                0x080042b0      0x10c build/tim.o
                0x080042b0                MX_TIM8_Init
 .text.MX_TIM10_Init
                0x080043bc       0x74 build/tim.o
                0x080043bc                MX_TIM10_Init
 .text.MX_USART1_UART_Init
                0x08004430       0x34 build/usart.o
                0x08004430                MX_USART1_UART_Init
 .text.MX_USART3_UART_Init
                0x08004464       0x40 build/usart.o
                0x08004464                MX_USART3_UART_Init
 .text.MX_USART6_UART_Init
                0x080044a4       0x34 build/usart.o
                0x080044a4                MX_USART6_UART_Init
 .text.HAL_UART_MspInit
                0x080044d8      0x2d4 build/usart.o
                0x080044d8                HAL_UART_MspInit
 .text.MX_USB_DEVICE_Init
                0x080047ac       0x54 build/usb_device.o
                0x080047ac                MX_USB_DEVICE_Init
 .text.HAL_PCD_MspInit
                0x08004800       0xc0 build/usbd_conf.o
                0x08004800                HAL_PCD_MspInit
 .text.HAL_PCD_SetupStageCallback
                0x080048c0       0x10 build/usbd_conf.o
                0x080048c0                HAL_PCD_SetupStageCallback
 .text.HAL_PCD_DataOutStageCallback
                0x080048d0       0x18 build/usbd_conf.o
                0x080048d0                HAL_PCD_DataOutStageCallback
 .text.HAL_PCD_DataInStageCallback
                0x080048e8       0x16 build/usbd_conf.o
                0x080048e8                HAL_PCD_DataInStageCallback
 .text.HAL_PCD_SOFCallback
                0x080048fe        0xc build/usbd_conf.o
                0x080048fe                HAL_PCD_SOFCallback
 .text.HAL_PCD_ResetCallback
                0x0800490a       0x2c build/usbd_conf.o
                0x0800490a                HAL_PCD_ResetCallback
 *fill*         0x08004936        0x2 
 .text.HAL_PCD_SuspendCallback
                0x08004938       0x30 build/usbd_conf.o
                0x08004938                HAL_PCD_SuspendCallback
 .text.HAL_PCD_ResumeCallback
                0x08004968        0xc build/usbd_conf.o
                0x08004968                HAL_PCD_ResumeCallback
 .text.HAL_PCD_ISOOUTIncompleteCallback
                0x08004974        0xc build/usbd_conf.o
                0x08004974                HAL_PCD_ISOOUTIncompleteCallback
 .text.HAL_PCD_ISOINIncompleteCallback
                0x08004980        0xc build/usbd_conf.o
                0x08004980                HAL_PCD_ISOINIncompleteCallback
 .text.HAL_PCD_ConnectCallback
                0x0800498c        0xc build/usbd_conf.o
                0x0800498c                HAL_PCD_ConnectCallback
 .text.HAL_PCD_DisconnectCallback
                0x08004998        0xc build/usbd_conf.o
                0x08004998                HAL_PCD_DisconnectCallback
 .text.USBD_LL_Init
                0x080049a4       0x68 build/usbd_conf.o
                0x080049a4                USBD_LL_Init
 .text.USBD_LL_IsStallEP
                0x08004a0c       0x2e build/usbd_conf.o
                0x08004a0c                USBD_LL_IsStallEP
 .text.USBD_LL_GetRxDataSize
                0x08004a3a        0xc build/usbd_conf.o
                0x08004a3a                USBD_LL_GetRxDataSize
 *fill*         0x08004a46        0x2 
 .text.USBD_static_malloc
                0x08004a48        0x8 build/usbd_conf.o
                0x08004a48                USBD_static_malloc
 .text.USBD_static_free
                0x08004a50        0x2 build/usbd_conf.o
                0x08004a50                USBD_static_free
 .text.USBD_Get_USB_Status
                0x08004a52       0x14 build/usbd_conf.o
                0x08004a52                USBD_Get_USB_Status
 .text.USBD_LL_Start
                0x08004a66       0x10 build/usbd_conf.o
                0x08004a66                USBD_LL_Start
 .text.USBD_LL_OpenEP
                0x08004a76       0x16 build/usbd_conf.o
                0x08004a76                USBD_LL_OpenEP
 .text.USBD_LL_CloseEP
                0x08004a8c       0x10 build/usbd_conf.o
                0x08004a8c                USBD_LL_CloseEP
 .text.USBD_LL_StallEP
                0x08004a9c       0x10 build/usbd_conf.o
                0x08004a9c                USBD_LL_StallEP
 .text.USBD_LL_ClearStallEP
                0x08004aac       0x10 build/usbd_conf.o
                0x08004aac                USBD_LL_ClearStallEP
 .text.USBD_LL_SetUSBAddress
                0x08004abc       0x10 build/usbd_conf.o
                0x08004abc                USBD_LL_SetUSBAddress
 .text.USBD_LL_Transmit
                0x08004acc       0x10 build/usbd_conf.o
                0x08004acc                USBD_LL_Transmit
 .text.USBD_LL_PrepareReceive
                0x08004adc       0x10 build/usbd_conf.o
                0x08004adc                USBD_LL_PrepareReceive
 .text.USBD_FS_DeviceDescriptor
                0x08004aec        0xc build/usbd_desc.o
                0x08004aec                USBD_FS_DeviceDescriptor
 .text.USBD_FS_LangIDStrDescriptor
                0x08004af8        0xc build/usbd_desc.o
                0x08004af8                USBD_FS_LangIDStrDescriptor
 .text.IntToUnicode
                0x08004b04       0x46 build/usbd_desc.o
 *fill*         0x08004b4a        0x2 
 .text.Get_SerialNum
                0x08004b4c       0x38 build/usbd_desc.o
 .text.USBD_FS_SerialStrDescriptor
                0x08004b84       0x14 build/usbd_desc.o
                0x08004b84                USBD_FS_SerialStrDescriptor
 .text.USBD_FS_ProductStrDescriptor
                0x08004b98       0x24 build/usbd_desc.o
                0x08004b98                USBD_FS_ProductStrDescriptor
 .text.USBD_FS_ManufacturerStrDescriptor
                0x08004bbc       0x1c build/usbd_desc.o
                0x08004bbc                USBD_FS_ManufacturerStrDescriptor
 .text.USBD_FS_ConfigStrDescriptor
                0x08004bd8       0x24 build/usbd_desc.o
                0x08004bd8                USBD_FS_ConfigStrDescriptor
 .text.USBD_FS_InterfaceStrDescriptor
                0x08004bfc       0x24 build/usbd_desc.o
                0x08004bfc                USBD_FS_InterfaceStrDescriptor
 .text.CDC_DeInit_FS
                0x08004c20        0x4 build/usbd_cdc_if.o
 .text.CDC_Control_FS
                0x08004c24        0x4 build/usbd_cdc_if.o
 .text.CDC_TransmitCplt_FS
                0x08004c28       0x14 build/usbd_cdc_if.o
 .text.CDC_Receive_FS
                0x08004c3c       0x2c build/usbd_cdc_if.o
 .text.CDC_Init_FS
                0x08004c68       0x28 build/usbd_cdc_if.o
 .text.CDC_Transmit_FS
                0x08004c90       0x2c build/usbd_cdc_if.o
                0x08004c90                CDC_Transmit_FS
 .text.CDCInitRxbufferNcallback
                0x08004cbc       0x18 build/usbd_cdc_if.o
                0x08004cbc                CDCInitRxbufferNcallback
 .text.NMI_Handler
                0x08004cd4        0x2 build/stm32f4xx_it.o
                0x08004cd4                NMI_Handler
 .text.HardFault_Handler
                0x08004cd6        0x6 build/stm32f4xx_it.o
                0x08004cd6                HardFault_Handler
 .text.MemManage_Handler
                0x08004cdc        0x2 build/stm32f4xx_it.o
                0x08004cdc                MemManage_Handler
 .text.BusFault_Handler
                0x08004cde        0x2 build/stm32f4xx_it.o
                0x08004cde                BusFault_Handler
 .text.UsageFault_Handler
                0x08004ce0        0x2 build/stm32f4xx_it.o
                0x08004ce0                UsageFault_Handler
 .text.DebugMon_Handler
                0x08004ce2        0x2 build/stm32f4xx_it.o
                0x08004ce2                DebugMon_Handler
 .text.FLASH_IRQHandler
                0x08004ce4        0x8 build/stm32f4xx_it.o
                0x08004ce4                FLASH_IRQHandler
 .text.EXTI3_IRQHandler
                0x08004cec        0xa build/stm32f4xx_it.o
                0x08004cec                EXTI3_IRQHandler
 .text.EXTI4_IRQHandler
                0x08004cf6        0xa build/stm32f4xx_it.o
                0x08004cf6                EXTI4_IRQHandler
 .text.DMA1_Stream1_IRQHandler
                0x08004d00       0x10 build/stm32f4xx_it.o
                0x08004d00                DMA1_Stream1_IRQHandler
 .text.DMA1_Stream2_IRQHandler
                0x08004d10       0x10 build/stm32f4xx_it.o
                0x08004d10                DMA1_Stream2_IRQHandler
 .text.CAN1_RX0_IRQHandler
                0x08004d20       0x10 build/stm32f4xx_it.o
                0x08004d20                CAN1_RX0_IRQHandler
 .text.CAN1_RX1_IRQHandler
                0x08004d30       0x10 build/stm32f4xx_it.o
                0x08004d30                CAN1_RX1_IRQHandler
 .text.EXTI9_5_IRQHandler
                0x08004d40        0xa build/stm32f4xx_it.o
                0x08004d40                EXTI9_5_IRQHandler
 *fill*         0x08004d4a        0x2 
 .text.I2C2_EV_IRQHandler
                0x08004d4c       0x10 build/stm32f4xx_it.o
                0x08004d4c                I2C2_EV_IRQHandler
 .text.I2C2_ER_IRQHandler
                0x08004d5c       0x10 build/stm32f4xx_it.o
                0x08004d5c                I2C2_ER_IRQHandler
 .text.SPI1_IRQHandler
                0x08004d6c       0x10 build/stm32f4xx_it.o
                0x08004d6c                SPI1_IRQHandler
 .text.SPI2_IRQHandler
                0x08004d7c       0x10 build/stm32f4xx_it.o
                0x08004d7c                SPI2_IRQHandler
 .text.USART1_IRQHandler
                0x08004d8c       0x10 build/stm32f4xx_it.o
                0x08004d8c                USART1_IRQHandler
 .text.USART3_IRQHandler
                0x08004d9c       0x10 build/stm32f4xx_it.o
                0x08004d9c                USART3_IRQHandler
 .text.TIM8_TRG_COM_TIM14_IRQHandler
                0x08004dac       0x18 build/stm32f4xx_it.o
                0x08004dac                TIM8_TRG_COM_TIM14_IRQHandler
 .text.DMA1_Stream7_IRQHandler
                0x08004dc4       0x10 build/stm32f4xx_it.o
                0x08004dc4                DMA1_Stream7_IRQHandler
 .text.DMA2_Stream0_IRQHandler
                0x08004dd4       0x10 build/stm32f4xx_it.o
                0x08004dd4                DMA2_Stream0_IRQHandler
 .text.DMA2_Stream2_IRQHandler
                0x08004de4       0x10 build/stm32f4xx_it.o
                0x08004de4                DMA2_Stream2_IRQHandler
 .text.DMA2_Stream3_IRQHandler
                0x08004df4       0x10 build/stm32f4xx_it.o
                0x08004df4                DMA2_Stream3_IRQHandler
 .text.CAN2_RX0_IRQHandler
                0x08004e04       0x10 build/stm32f4xx_it.o
                0x08004e04                CAN2_RX0_IRQHandler
 .text.CAN2_RX1_IRQHandler
                0x08004e14       0x10 build/stm32f4xx_it.o
                0x08004e14                CAN2_RX1_IRQHandler
 .text.OTG_FS_IRQHandler
                0x08004e24       0x10 build/stm32f4xx_it.o
                0x08004e24                OTG_FS_IRQHandler
 .text.DMA2_Stream5_IRQHandler
                0x08004e34       0x10 build/stm32f4xx_it.o
                0x08004e34                DMA2_Stream5_IRQHandler
 .text.DMA2_Stream6_IRQHandler
                0x08004e44       0x10 build/stm32f4xx_it.o
                0x08004e44                DMA2_Stream6_IRQHandler
 .text.DMA2_Stream7_IRQHandler
                0x08004e54       0x10 build/stm32f4xx_it.o
                0x08004e54                DMA2_Stream7_IRQHandler
 .text.USART6_IRQHandler
                0x08004e64       0x10 build/stm32f4xx_it.o
                0x08004e64                USART6_IRQHandler
 .text.I2C3_EV_IRQHandler
                0x08004e74       0x10 build/stm32f4xx_it.o
                0x08004e74                I2C3_EV_IRQHandler
 .text.I2C3_ER_IRQHandler
                0x08004e84       0x10 build/stm32f4xx_it.o
                0x08004e84                I2C3_ER_IRQHandler
 .text.HAL_MspInit
                0x08004e94       0x54 build/stm32f4xx_hal_msp.o
                0x08004e94                HAL_MspInit
 .text.HAL_InitTick
                0x08004ee8       0xa4 build/stm32f4xx_hal_timebase_tim.o
                0x08004ee8                HAL_InitTick
 .text.PCD_WriteEmptyTxFifo
                0x08004f8c       0xd0 build/stm32f4xx_hal_pcd.o
 .text.HAL_PCD_Init
                0x0800505c      0x12e build/stm32f4xx_hal_pcd.o
                0x0800505c                HAL_PCD_Init
 .text.HAL_PCD_Start
                0x0800518a       0x42 build/stm32f4xx_hal_pcd.o
                0x0800518a                HAL_PCD_Start
 .text.PCD_EP_OutXfrComplete_int
                0x080051cc      0x104 build/stm32f4xx_hal_pcd.o
 .text.PCD_EP_OutSetupPacket_int
                0x080052d0       0x50 build/stm32f4xx_hal_pcd.o
 .text.HAL_PCD_SetAddress
                0x08005320       0x28 build/stm32f4xx_hal_pcd.o
                0x08005320                HAL_PCD_SetAddress
 .text.HAL_PCD_EP_Open
                0x08005348       0x8a build/stm32f4xx_hal_pcd.o
                0x08005348                HAL_PCD_EP_Open
 .text.HAL_PCD_EP_Close
                0x080053d2       0x72 build/stm32f4xx_hal_pcd.o
                0x080053d2                HAL_PCD_EP_Close
 .text.HAL_PCD_EP_Receive
                0x08005444       0x5e build/stm32f4xx_hal_pcd.o
                0x08005444                HAL_PCD_EP_Receive
 .text.HAL_PCD_EP_GetRxCount
                0x080054a2       0x12 build/stm32f4xx_hal_pcd.o
                0x080054a2                HAL_PCD_EP_GetRxCount
 .text.HAL_PCD_EP_Transmit
                0x080054b4       0x5e build/stm32f4xx_hal_pcd.o
                0x080054b4                HAL_PCD_EP_Transmit
 .text.HAL_PCD_EP_SetStall
                0x08005512       0x88 build/stm32f4xx_hal_pcd.o
                0x08005512                HAL_PCD_EP_SetStall
 .text.HAL_PCD_EP_ClrStall
                0x0800559a       0x76 build/stm32f4xx_hal_pcd.o
                0x0800559a                HAL_PCD_EP_ClrStall
 .text.HAL_PCD_EP_Abort
                0x08005610       0x34 build/stm32f4xx_hal_pcd.o
                0x08005610                HAL_PCD_EP_Abort
 .text.HAL_PCD_IRQHandler
                0x08005644      0x5c8 build/stm32f4xx_hal_pcd.o
                0x08005644                HAL_PCD_IRQHandler
 .text.HAL_PCDEx_SetTxFiFo
                0x08005c0c       0x4c build/stm32f4xx_hal_pcd_ex.o
                0x08005c0c                HAL_PCDEx_SetTxFiFo
 .text.HAL_PCDEx_SetRxFiFo
                0x08005c58        0x8 build/stm32f4xx_hal_pcd_ex.o
                0x08005c58                HAL_PCDEx_SetRxFiFo
 .text.HAL_PCDEx_LPM_Callback
                0x08005c60        0x2 build/stm32f4xx_hal_pcd_ex.o
                0x08005c60                HAL_PCDEx_LPM_Callback
 *fill*         0x08005c62        0x2 
 .text.USB_CoreReset
                0x08005c64       0x50 build/stm32f4xx_ll_usb.o
 .text.USB_CoreInit
                0x08005cb4       0x8a build/stm32f4xx_ll_usb.o
                0x08005cb4                USB_CoreInit
 *fill*         0x08005d3e        0x2 
 .text.USB_SetTurnaroundTime
                0x08005d40       0xe4 build/stm32f4xx_ll_usb.o
                0x08005d40                USB_SetTurnaroundTime
 .text.USB_EnableGlobalInt
                0x08005e24        0xc build/stm32f4xx_ll_usb.o
                0x08005e24                USB_EnableGlobalInt
 .text.USB_DisableGlobalInt
                0x08005e30        0xc build/stm32f4xx_ll_usb.o
                0x08005e30                USB_DisableGlobalInt
 .text.USB_FlushTxFifo
                0x08005e3c       0x50 build/stm32f4xx_ll_usb.o
                0x08005e3c                USB_FlushTxFifo
 .text.USB_FlushRxFifo
                0x08005e8c       0x4c build/stm32f4xx_ll_usb.o
                0x08005e8c                USB_FlushRxFifo
 .text.USB_SetDevSpeed
                0x08005ed8        0xe build/stm32f4xx_ll_usb.o
                0x08005ed8                USB_SetDevSpeed
 *fill*         0x08005ee6        0x2 
 .text.USB_DevInit
                0x08005ee8      0x190 build/stm32f4xx_ll_usb.o
                0x08005ee8                USB_DevInit
 .text.USB_GetDevSpeed
                0x08006078       0x22 build/stm32f4xx_ll_usb.o
                0x08006078                USB_GetDevSpeed
 .text.USB_ActivateEndpoint
                0x0800609a       0x9a build/stm32f4xx_ll_usb.o
                0x0800609a                USB_ActivateEndpoint
 .text.USB_DeactivateEndpoint
                0x08006134       0xe0 build/stm32f4xx_ll_usb.o
                0x08006134                USB_DeactivateEndpoint
 .text.USB_EP0StartXfer
                0x08006214      0x118 build/stm32f4xx_ll_usb.o
                0x08006214                USB_EP0StartXfer
 .text.USB_EPStopXfer
                0x0800632c       0xbe build/stm32f4xx_ll_usb.o
                0x0800632c                USB_EPStopXfer
 .text.USB_WritePacket
                0x080063ea       0x2e build/stm32f4xx_ll_usb.o
                0x080063ea                USB_WritePacket
 .text.USB_EPStartXfer
                0x08006418      0x228 build/stm32f4xx_ll_usb.o
                0x08006418                USB_EPStartXfer
 .text.USB_ReadPacket
                0x08006640       0x46 build/stm32f4xx_ll_usb.o
                0x08006640                USB_ReadPacket
 .text.USB_EPSetStall
                0x08006686       0x5a build/stm32f4xx_ll_usb.o
                0x08006686                USB_EPSetStall
 .text.USB_EPClearStall
                0x080066e0       0x5c build/stm32f4xx_ll_usb.o
                0x080066e0                USB_EPClearStall
 .text.USB_SetDevAddress
                0x0800673c       0x20 build/stm32f4xx_ll_usb.o
                0x0800673c                USB_SetDevAddress
 .text.USB_DevConnect
                0x0800675c       0x1c build/stm32f4xx_ll_usb.o
                0x0800675c                USB_DevConnect
 .text.USB_DevDisconnect
                0x08006778       0x1c build/stm32f4xx_ll_usb.o
                0x08006778                USB_DevDisconnect
 .text.USB_ReadInterrupts
                0x08006794        0x8 build/stm32f4xx_ll_usb.o
                0x08006794                USB_ReadInterrupts
 .text.USB_ReadDevAllOutEpInterrupt
                0x0800679c       0x10 build/stm32f4xx_ll_usb.o
                0x0800679c                USB_ReadDevAllOutEpInterrupt
 .text.USB_ReadDevAllInEpInterrupt
                0x080067ac       0x10 build/stm32f4xx_ll_usb.o
                0x080067ac                USB_ReadDevAllInEpInterrupt
 .text.USB_ReadDevOutEPInterrupt
                0x080067bc       0x12 build/stm32f4xx_ll_usb.o
                0x080067bc                USB_ReadDevOutEPInterrupt
 .text.USB_ReadDevInEPInterrupt
                0x080067ce       0x24 build/stm32f4xx_ll_usb.o
                0x080067ce                USB_ReadDevInEPInterrupt
 .text.USB_GetMode
                0x080067f2        0x8 build/stm32f4xx_ll_usb.o
                0x080067f2                USB_GetMode
 .text.USB_SetCurrentMode
                0x080067fa       0x62 build/stm32f4xx_ll_usb.o
                0x080067fa                USB_SetCurrentMode
 .text.USB_ActivateSetup
                0x0800685c       0x1c build/stm32f4xx_ll_usb.o
                0x0800685c                USB_ActivateSetup
 .text.USB_EP0_OutStart
                0x08006878       0x60 build/stm32f4xx_ll_usb.o
                0x08006878                USB_EP0_OutStart
 .text.HAL_RCC_OscConfig
                0x080068d8      0x3f8 build/stm32f4xx_hal_rcc.o
                0x080068d8                HAL_RCC_OscConfig
 .text.HAL_RCC_GetSysClockFreq
                0x08006cd0       0xa8 build/stm32f4xx_hal_rcc.o
                0x08006cd0                HAL_RCC_GetSysClockFreq
 .text.HAL_RCC_ClockConfig
                0x08006d78      0x160 build/stm32f4xx_hal_rcc.o
                0x08006d78                HAL_RCC_ClockConfig
 .text.HAL_RCC_GetHCLKFreq
                0x08006ed8        0xc build/stm32f4xx_hal_rcc.o
                0x08006ed8                HAL_RCC_GetHCLKFreq
 .text.HAL_RCC_GetPCLK1Freq
                0x08006ee4       0x20 build/stm32f4xx_hal_rcc.o
                0x08006ee4                HAL_RCC_GetPCLK1Freq
 .text.HAL_RCC_GetPCLK2Freq
                0x08006f04       0x20 build/stm32f4xx_hal_rcc.o
                0x08006f04                HAL_RCC_GetPCLK2Freq
 .text.HAL_RCC_GetClockConfig
                0x08006f24       0x3c build/stm32f4xx_hal_rcc.o
                0x08006f24                HAL_RCC_GetClockConfig
 .text.HAL_RCCEx_PeriphCLKConfig
                0x08006f60      0x154 build/stm32f4xx_hal_rcc_ex.o
                0x08006f60                HAL_RCCEx_PeriphCLKConfig
 .text.FLASH_SetErrorCode
                0x080070b4       0x8c build/stm32f4xx_hal_flash.o
 .text.HAL_FLASH_EndOfOperationCallback
                0x08007140        0x2 build/stm32f4xx_hal_flash.o
                0x08007140                HAL_FLASH_EndOfOperationCallback
 .text.HAL_FLASH_OperationErrorCallback
                0x08007142        0x2 build/stm32f4xx_hal_flash.o
                0x08007142                HAL_FLASH_OperationErrorCallback
 .text.HAL_FLASH_IRQHandler
                0x08007144       0xf4 build/stm32f4xx_hal_flash.o
                0x08007144                HAL_FLASH_IRQHandler
 .text.FLASH_Erase_Sector
                0x08007238       0x4c build/stm32f4xx_hal_flash_ex.o
                0x08007238                FLASH_Erase_Sector
 .text.FLASH_FlushCaches
                0x08007284       0x60 build/stm32f4xx_hal_flash_ex.o
                0x08007284                FLASH_FlushCaches
 .text.HAL_GPIO_Init
                0x080072e4      0x1ec build/stm32f4xx_hal_gpio.o
                0x080072e4                HAL_GPIO_Init
 .text.HAL_GPIO_WritePin
                0x080074d0        0xc build/stm32f4xx_hal_gpio.o
                0x080074d0                HAL_GPIO_WritePin
 .text.HAL_GPIO_EXTI_IRQHandler
                0x080074dc       0x1c build/stm32f4xx_hal_gpio.o
                0x080074dc                HAL_GPIO_EXTI_IRQHandler
 .text.DMA_SetConfig
                0x080074f8       0x2c build/stm32f4xx_hal_dma.o
 .text.DMA_CalcBaseAndBitshift
                0x08007524       0x3c build/stm32f4xx_hal_dma.o
 .text.DMA_CheckFifoParam
                0x08007560       0x8e build/stm32f4xx_hal_dma.o
 *fill*         0x080075ee        0x2 
 .text.HAL_DMA_Init
                0x080075f0       0xcc build/stm32f4xx_hal_dma.o
                0x080075f0                HAL_DMA_Init
 .text.HAL_DMA_Start_IT
                0x080076bc       0x6a build/stm32f4xx_hal_dma.o
                0x080076bc                HAL_DMA_Start_IT
 .text.HAL_DMA_Abort
                0x08007726       0x94 build/stm32f4xx_hal_dma.o
                0x08007726                HAL_DMA_Abort
 .text.HAL_DMA_Abort_IT
                0x080077ba       0x26 build/stm32f4xx_hal_dma.o
                0x080077ba                HAL_DMA_Abort_IT
 .text.HAL_DMA_IRQHandler
                0x080077e0      0x1dc build/stm32f4xx_hal_dma.o
                0x080077e0                HAL_DMA_IRQHandler
 .text.HAL_DMA_GetState
                0x080079bc        0x6 build/stm32f4xx_hal_dma.o
                0x080079bc                HAL_DMA_GetState
 *fill*         0x080079c2        0x2 
 .text.__NVIC_SetPriority
                0x080079c4       0x28 build/stm32f4xx_hal_cortex.o
 .text.NVIC_EncodePriority
                0x080079ec       0x3e build/stm32f4xx_hal_cortex.o
 *fill*         0x08007a2a        0x2 
 .text.HAL_NVIC_SetPriorityGrouping
                0x08007a2c       0x24 build/stm32f4xx_hal_cortex.o
                0x08007a2c                HAL_NVIC_SetPriorityGrouping
 .text.HAL_NVIC_SetPriority
                0x08007a50       0x20 build/stm32f4xx_hal_cortex.o
                0x08007a50                HAL_NVIC_SetPriority
 .text.HAL_NVIC_EnableIRQ
                0x08007a70       0x1c build/stm32f4xx_hal_cortex.o
                0x08007a70                HAL_NVIC_EnableIRQ
 .text.HAL_Init
                0x08007a8c       0x34 build/stm32f4xx_hal.o
                0x08007a8c                HAL_Init
 .text.HAL_IncTick
                0x08007ac0       0x18 build/stm32f4xx_hal.o
                0x08007ac0                HAL_IncTick
 .text.HAL_GetTick
                0x08007ad8        0xc build/stm32f4xx_hal.o
                0x08007ad8                HAL_GetTick
 .text.HAL_Delay
                0x08007ae4       0x28 build/stm32f4xx_hal.o
                0x08007ae4                HAL_Delay
 .text.ADC_Init
                0x08007b0c      0x134 build/stm32f4xx_hal_adc.o
 .text.HAL_ADC_Init
                0x08007c40       0x56 build/stm32f4xx_hal_adc.o
                0x08007c40                HAL_ADC_Init
 *fill*         0x08007c96        0x2 
 .text.HAL_ADC_ConfigChannel
                0x08007c98      0x194 build/stm32f4xx_hal_adc.o
                0x08007c98                HAL_ADC_ConfigChannel
 .text.HAL_CAN_Init
                0x08007e2c      0x14c build/stm32f4xx_hal_can.o
                0x08007e2c                HAL_CAN_Init
 .text.HAL_CAN_ConfigFilter
                0x08007f78      0x138 build/stm32f4xx_hal_can.o
                0x08007f78                HAL_CAN_ConfigFilter
 .text.HAL_CAN_Start
                0x080080b0       0x5c build/stm32f4xx_hal_can.o
                0x080080b0                HAL_CAN_Start
 .text.HAL_CAN_AddTxMessage
                0x0800810c       0xfc build/stm32f4xx_hal_can.o
                0x0800810c                HAL_CAN_AddTxMessage
 .text.HAL_CAN_GetTxMailboxesFreeLevel
                0x08008208       0x32 build/stm32f4xx_hal_can.o
                0x08008208                HAL_CAN_GetTxMailboxesFreeLevel
 .text.HAL_CAN_GetRxMessage
                0x0800823a      0x14a build/stm32f4xx_hal_can.o
                0x0800823a                HAL_CAN_GetRxMessage
 .text.HAL_CAN_GetRxFifoFillLevel
                0x08008384       0x26 build/stm32f4xx_hal_can.o
                0x08008384                HAL_CAN_GetRxFifoFillLevel
 .text.HAL_CAN_ActivateNotification
                0x080083aa       0x24 build/stm32f4xx_hal_can.o
                0x080083aa                HAL_CAN_ActivateNotification
 .text.HAL_CAN_TxMailbox0CompleteCallback
                0x080083ce        0x2 build/stm32f4xx_hal_can.o
                0x080083ce                HAL_CAN_TxMailbox0CompleteCallback
 .text.HAL_CAN_TxMailbox1CompleteCallback
                0x080083d0        0x2 build/stm32f4xx_hal_can.o
                0x080083d0                HAL_CAN_TxMailbox1CompleteCallback
 .text.HAL_CAN_TxMailbox2CompleteCallback
                0x080083d2        0x2 build/stm32f4xx_hal_can.o
                0x080083d2                HAL_CAN_TxMailbox2CompleteCallback
 .text.HAL_CAN_TxMailbox0AbortCallback
                0x080083d4        0x2 build/stm32f4xx_hal_can.o
                0x080083d4                HAL_CAN_TxMailbox0AbortCallback
 .text.HAL_CAN_TxMailbox1AbortCallback
                0x080083d6        0x2 build/stm32f4xx_hal_can.o
                0x080083d6                HAL_CAN_TxMailbox1AbortCallback
 .text.HAL_CAN_TxMailbox2AbortCallback
                0x080083d8        0x2 build/stm32f4xx_hal_can.o
                0x080083d8                HAL_CAN_TxMailbox2AbortCallback
 .text.HAL_CAN_RxFifo0FullCallback
                0x080083da        0x2 build/stm32f4xx_hal_can.o
                0x080083da                HAL_CAN_RxFifo0FullCallback
 .text.HAL_CAN_RxFifo1FullCallback
                0x080083dc        0x2 build/stm32f4xx_hal_can.o
                0x080083dc                HAL_CAN_RxFifo1FullCallback
 .text.HAL_CAN_SleepCallback
                0x080083de        0x2 build/stm32f4xx_hal_can.o
                0x080083de                HAL_CAN_SleepCallback
 .text.HAL_CAN_WakeUpFromRxMsgCallback
                0x080083e0        0x2 build/stm32f4xx_hal_can.o
                0x080083e0                HAL_CAN_WakeUpFromRxMsgCallback
 .text.HAL_CAN_ErrorCallback
                0x080083e2        0x2 build/stm32f4xx_hal_can.o
                0x080083e2                HAL_CAN_ErrorCallback
 .text.HAL_CAN_IRQHandler
                0x080083e4      0x250 build/stm32f4xx_hal_can.o
                0x080083e4                HAL_CAN_IRQHandler
 .text.HAL_CRC_Init
                0x08008634       0x1e build/stm32f4xx_hal_crc.o
                0x08008634                HAL_CRC_Init
 .text.HAL_DAC_Init
                0x08008652       0x24 build/stm32f4xx_hal_dac.o
                0x08008652                HAL_DAC_Init
 .text.HAL_DAC_ConfigChannel
                0x08008676       0x58 build/stm32f4xx_hal_dac.o
                0x08008676                HAL_DAC_ConfigChannel
 .text.I2C_Master_SB
                0x080086ce       0xa8 build/stm32f4xx_hal_i2c.o
 .text.I2C_Master_ADD10
                0x08008776       0x2a build/stm32f4xx_hal_i2c.o
 .text.I2C_Master_ADDR
                0x080087a0      0x230 build/stm32f4xx_hal_i2c.o
 .text.I2C_SlaveTransmit_BTF
                0x080089d0       0x20 build/stm32f4xx_hal_i2c.o
 .text.I2C_SlaveReceive_BTF
                0x080089f0       0x20 build/stm32f4xx_hal_i2c.o
 .text.I2C_WaitOnSTOPRequestThroughIT
                0x08008a10       0x48 build/stm32f4xx_hal_i2c.o
 .text.I2C_ConvertOtherXferOptions
                0x08008a58       0x1e build/stm32f4xx_hal_i2c.o
 *fill*         0x08008a76        0x2 
 .text.HAL_I2C_Init
                0x08008a78      0x1bc build/stm32f4xx_hal_i2c.o
                0x08008a78                HAL_I2C_Init
 .text.HAL_I2C_MasterTxCpltCallback
                0x08008c34        0x2 build/stm32f4xx_hal_i2c.o
                0x08008c34                HAL_I2C_MasterTxCpltCallback
 .text.HAL_I2C_SlaveTxCpltCallback
                0x08008c36        0x2 build/stm32f4xx_hal_i2c.o
                0x08008c36                HAL_I2C_SlaveTxCpltCallback
 .text.I2C_SlaveTransmit_TXE
                0x08008c38       0x4c build/stm32f4xx_hal_i2c.o
 .text.HAL_I2C_SlaveRxCpltCallback
                0x08008c84        0x2 build/stm32f4xx_hal_i2c.o
                0x08008c84                HAL_I2C_SlaveRxCpltCallback
 .text.I2C_SlaveReceive_RXNE
                0x08008c86       0x4c build/stm32f4xx_hal_i2c.o
 .text.HAL_I2C_AddrCallback
                0x08008cd2        0x2 build/stm32f4xx_hal_i2c.o
                0x08008cd2                HAL_I2C_AddrCallback
 .text.I2C_Slave_ADDR
                0x08008cd4       0x5a build/stm32f4xx_hal_i2c.o
 .text.HAL_I2C_ListenCpltCallback
                0x08008d2e        0x2 build/stm32f4xx_hal_i2c.o
                0x08008d2e                HAL_I2C_ListenCpltCallback
 .text.I2C_Slave_AF
                0x08008d30       0x94 build/stm32f4xx_hal_i2c.o
 .text.HAL_I2C_MemTxCpltCallback
                0x08008dc4        0x2 build/stm32f4xx_hal_i2c.o
                0x08008dc4                HAL_I2C_MemTxCpltCallback
 .text.I2C_MasterTransmit_BTF
                0x08008dc6       0x9e build/stm32f4xx_hal_i2c.o
 .text.I2C_MemoryTransmit_TXE_BTF
                0x08008e64       0xbe build/stm32f4xx_hal_i2c.o
 .text.I2C_MasterTransmit_TXE
                0x08008f22       0xd4 build/stm32f4xx_hal_i2c.o
 .text.I2C_MasterReceive_BTF
                0x08008ff6      0x132 build/stm32f4xx_hal_i2c.o
 .text.HAL_I2C_ErrorCallback
                0x08009128        0x2 build/stm32f4xx_hal_i2c.o
                0x08009128                HAL_I2C_ErrorCallback
 .text.I2C_MasterReceive_RXNE
                0x0800912a       0xf6 build/stm32f4xx_hal_i2c.o
 .text.HAL_I2C_AbortCpltCallback
                0x08009220        0x2 build/stm32f4xx_hal_i2c.o
                0x08009220                HAL_I2C_AbortCpltCallback
 *fill*         0x08009222        0x2 
 .text.I2C_DMAAbort
                0x08009224       0xe4 build/stm32f4xx_hal_i2c.o
 .text.I2C_ITError
                0x08009308      0x178 build/stm32f4xx_hal_i2c.o
 .text.I2C_Slave_STOPF
                0x08009480      0x18c build/stm32f4xx_hal_i2c.o
 .text.HAL_I2C_EV_IRQHandler
                0x0800960c      0x1a0 build/stm32f4xx_hal_i2c.o
                0x0800960c                HAL_I2C_EV_IRQHandler
 .text.HAL_I2C_ER_IRQHandler
                0x080097ac       0xc4 build/stm32f4xx_hal_i2c.o
                0x080097ac                HAL_I2C_ER_IRQHandler
 .text.HAL_RNG_Init
                0x08009870       0x2e build/stm32f4xx_hal_rng.o
                0x08009870                HAL_RNG_Init
 .text.HAL_RTC_WaitForSynchro
                0x0800989e       0x32 build/stm32f4xx_hal_rtc.o
                0x0800989e                HAL_RTC_WaitForSynchro
 .text.RTC_EnterInitMode
                0x080098d0       0x46 build/stm32f4xx_hal_rtc.o
                0x080098d0                RTC_EnterInitMode
 .text.RTC_ExitInitMode
                0x08009916       0x2a build/stm32f4xx_hal_rtc.o
                0x08009916                RTC_ExitInitMode
 .text.HAL_RTC_Init
                0x08009940       0x8e build/stm32f4xx_hal_rtc.o
                0x08009940                HAL_RTC_Init
 *fill*         0x080099ce        0x2 
 .text.SPI_WaitFlagStateUntilTimeout
                0x080099d0       0xc8 build/stm32f4xx_hal_spi.o
 .text.SPI_EndRxTxTransaction
                0x08009a98       0x68 build/stm32f4xx_hal_spi.o
 .text.HAL_SPI_Init
                0x08009b00       0xbe build/stm32f4xx_hal_spi.o
                0x08009b00                HAL_SPI_Init
 .text.HAL_SPI_TransmitReceive
                0x08009bbe      0x238 build/stm32f4xx_hal_spi.o
                0x08009bbe                HAL_SPI_TransmitReceive
 .text.HAL_SPI_ErrorCallback
                0x08009df6        0x2 build/stm32f4xx_hal_spi.o
                0x08009df6                HAL_SPI_ErrorCallback
 .text.HAL_SPI_IRQHandler
                0x08009df8      0x124 build/stm32f4xx_hal_spi.o
                0x08009df8                HAL_SPI_IRQHandler
 .text.SPI_DMAAbortOnError
                0x08009f1c       0x10 build/stm32f4xx_hal_spi.o
 .text.TIM_OC1_SetConfig
                0x08009f2c       0x70 build/stm32f4xx_hal_tim.o
 .text.TIM_OC3_SetConfig
                0x08009f9c       0x70 build/stm32f4xx_hal_tim.o
 .text.TIM_OC4_SetConfig
                0x0800a00c       0x50 build/stm32f4xx_hal_tim.o
 .text.TIM_TI1_ConfigInputStage
                0x0800a05c       0x26 build/stm32f4xx_hal_tim.o
 .text.TIM_TI2_ConfigInputStage
                0x0800a082       0x28 build/stm32f4xx_hal_tim.o
 .text.TIM_ITRx_SetConfig
                0x0800a0aa       0x10 build/stm32f4xx_hal_tim.o
 *fill*         0x0800a0ba        0x2 
 .text.HAL_TIM_Base_Start_IT
                0x0800a0bc       0x88 build/stm32f4xx_hal_tim.o
                0x0800a0bc                HAL_TIM_Base_Start_IT
 .text.HAL_TIM_OC_MspInit
                0x0800a144        0x2 build/stm32f4xx_hal_tim.o
                0x0800a144                HAL_TIM_OC_MspInit
 .text.HAL_TIM_PWM_MspInit
                0x0800a146        0x2 build/stm32f4xx_hal_tim.o
                0x0800a146                HAL_TIM_PWM_MspInit
 .text.HAL_TIM_OC_DelayElapsedCallback
                0x0800a148        0x2 build/stm32f4xx_hal_tim.o
                0x0800a148                HAL_TIM_OC_DelayElapsedCallback
 .text.HAL_TIM_IC_CaptureCallback
                0x0800a14a        0x2 build/stm32f4xx_hal_tim.o
                0x0800a14a                HAL_TIM_IC_CaptureCallback
 .text.HAL_TIM_TriggerCallback
                0x0800a14c        0x2 build/stm32f4xx_hal_tim.o
                0x0800a14c                HAL_TIM_TriggerCallback
 .text.HAL_TIM_IRQHandler
                0x0800a14e      0x17a build/stm32f4xx_hal_tim.o
                0x0800a14e                HAL_TIM_IRQHandler
 .text.TIM_Base_SetConfig
                0x0800a2c8       0xc8 build/stm32f4xx_hal_tim.o
                0x0800a2c8                TIM_Base_SetConfig
 .text.HAL_TIM_Base_Init
                0x0800a390       0x58 build/stm32f4xx_hal_tim.o
                0x0800a390                HAL_TIM_Base_Init
 .text.HAL_TIM_OC_Init
                0x0800a3e8       0x58 build/stm32f4xx_hal_tim.o
                0x0800a3e8                HAL_TIM_OC_Init
 .text.HAL_TIM_PWM_Init
                0x0800a440       0x58 build/stm32f4xx_hal_tim.o
                0x0800a440                HAL_TIM_PWM_Init
 .text.TIM_OC2_SetConfig
                0x0800a498       0x70 build/stm32f4xx_hal_tim.o
                0x0800a498                TIM_OC2_SetConfig
 .text.HAL_TIM_OC_ConfigChannel
                0x0800a508       0x5e build/stm32f4xx_hal_tim.o
                0x0800a508                HAL_TIM_OC_ConfigChannel
 .text.HAL_TIM_PWM_ConfigChannel
                0x0800a566       0xdc build/stm32f4xx_hal_tim.o
                0x0800a566                HAL_TIM_PWM_ConfigChannel
 .text.TIM_ETR_SetConfig
                0x0800a642       0x1a build/stm32f4xx_hal_tim.o
                0x0800a642                TIM_ETR_SetConfig
 .text.HAL_TIM_ConfigClockSource
                0x0800a65c       0xfe build/stm32f4xx_hal_tim.o
                0x0800a65c                HAL_TIM_ConfigClockSource
 .text.TIM_CCxChannelCmd
                0x0800a75a       0x1e build/stm32f4xx_hal_tim.o
                0x0800a75a                TIM_CCxChannelCmd
 .text.HAL_TIM_PWM_Start
                0x0800a778      0x104 build/stm32f4xx_hal_tim.o
                0x0800a778                HAL_TIM_PWM_Start
 .text.HAL_TIMEx_MasterConfigSynchronization
                0x0800a87c       0x8c build/stm32f4xx_hal_tim_ex.o
                0x0800a87c                HAL_TIMEx_MasterConfigSynchronization
 .text.HAL_TIMEx_ConfigBreakDeadTime
                0x0800a908       0x52 build/stm32f4xx_hal_tim_ex.o
                0x0800a908                HAL_TIMEx_ConfigBreakDeadTime
 .text.HAL_TIMEx_CommutCallback
                0x0800a95a        0x2 build/stm32f4xx_hal_tim_ex.o
                0x0800a95a                HAL_TIMEx_CommutCallback
 .text.HAL_TIMEx_BreakCallback
                0x0800a95c        0x2 build/stm32f4xx_hal_tim_ex.o
                0x0800a95c                HAL_TIMEx_BreakCallback
 .text.UART_EndTxTransfer
                0x0800a95e       0x20 build/stm32f4xx_hal_uart.o
 .text.UART_EndRxTransfer
                0x0800a97e       0x5c build/stm32f4xx_hal_uart.o
 .text.UART_Transmit_IT
                0x0800a9da       0x60 build/stm32f4xx_hal_uart.o
 *fill*         0x0800aa3a        0x2 
 .text.UART_SetConfig
                0x0800aa3c      0x110 build/stm32f4xx_hal_uart.o
 .text.UART_WaitOnFlagUntilTimeout
                0x0800ab4c       0x84 build/stm32f4xx_hal_uart.o
 .text.HAL_UART_Init
                0x0800abd0       0x5e build/stm32f4xx_hal_uart.o
                0x0800abd0                HAL_UART_Init
 .text.HAL_UART_Transmit
                0x0800ac2e       0xd8 build/stm32f4xx_hal_uart.o
                0x0800ac2e                HAL_UART_Transmit
 .text.HAL_UART_Transmit_IT
                0x0800ad06       0x4e build/stm32f4xx_hal_uart.o
                0x0800ad06                HAL_UART_Transmit_IT
 .text.HAL_UART_Transmit_DMA
                0x0800ad54       0x9c build/stm32f4xx_hal_uart.o
                0x0800ad54                HAL_UART_Transmit_DMA
 .text.HAL_UART_TxCpltCallback
                0x0800adf0        0x2 build/stm32f4xx_hal_uart.o
                0x0800adf0                HAL_UART_TxCpltCallback
 .text.UART_DMATransmitCplt
                0x0800adf2       0x4c build/stm32f4xx_hal_uart.o
 .text.UART_EndTransmit_IT
                0x0800ae3e       0x1a build/stm32f4xx_hal_uart.o
 .text.HAL_UART_TxHalfCpltCallback
                0x0800ae58        0x2 build/stm32f4xx_hal_uart.o
                0x0800ae58                HAL_UART_TxHalfCpltCallback
 .text.UART_DMATxHalfCplt
                0x0800ae5a        0xa build/stm32f4xx_hal_uart.o
 .text.HAL_UART_RxCpltCallback
                0x0800ae64        0x2 build/stm32f4xx_hal_uart.o
                0x0800ae64                HAL_UART_RxCpltCallback
 .text.HAL_UART_RxHalfCpltCallback
                0x0800ae66        0x2 build/stm32f4xx_hal_uart.o
                0x0800ae66                HAL_UART_RxHalfCpltCallback
 .text.UART_DMAError
                0x0800ae68       0x58 build/stm32f4xx_hal_uart.o
 .text.UART_DMAAbortOnError
                0x0800aec0       0x10 build/stm32f4xx_hal_uart.o
 .text.UART_Receive_IT
                0x0800aed0       0xe2 build/stm32f4xx_hal_uart.o
 *fill*         0x0800afb2        0x2 
 .text.HAL_UART_IRQHandler
                0x0800afb4      0x27c build/stm32f4xx_hal_uart.o
                0x0800afb4                HAL_UART_IRQHandler
 .text.UART_DMARxHalfCplt
                0x0800b230       0x1a build/stm32f4xx_hal_uart.o
 .text.UART_DMAReceiveCplt
                0x0800b24a       0x96 build/stm32f4xx_hal_uart.o
 .text.UART_Start_Receive_DMA
                0x0800b2e0       0xa8 build/stm32f4xx_hal_uart.o
                0x0800b2e0                UART_Start_Receive_DMA
 .text.HAL_UARTEx_ReceiveToIdle_DMA
                0x0800b388       0x70 build/stm32f4xx_hal_uart.o
                0x0800b388                HAL_UARTEx_ReceiveToIdle_DMA
 .text.SystemInit
                0x0800b3f8       0x14 build/system_stm32f4xx.o
                0x0800b3f8                SystemInit
 .text.vListInitialise
                0x0800b40c       0x16 build/list.o
                0x0800b40c                vListInitialise
 .text.vListInitialiseItem
                0x0800b422        0x6 build/list.o
                0x0800b422                vListInitialiseItem
 .text.vListInsertEnd
                0x0800b428       0x16 build/list.o
                0x0800b428                vListInsertEnd
 .text.vListInsert
                0x0800b43e       0x32 build/list.o
                0x0800b43e                vListInsert
 .text.uxListRemove
                0x0800b470       0x26 build/list.o
                0x0800b470                uxListRemove
 *fill*         0x0800b496        0x2 
 .text.prvResetNextTaskUnblockTime
                0x0800b498       0x2c build/tasks.o
 .text.prvInitialiseNewTask
                0x0800b4c4       0x9c build/tasks.o
 .text.prvInitialiseTaskLists
                0x0800b560       0x68 build/tasks.o
 .text.prvAddNewTaskToReadyList
                0x0800b5c8       0xa8 build/tasks.o
 .text.prvDeleteTCB
                0x0800b670       0x38 build/tasks.o
 .text.prvCheckTasksWaitingTermination
                0x0800b6a8       0x4c build/tasks.o
 .text.prvIdleTask
                0x0800b6f4       0x28 build/tasks.o
 .text.prvAddCurrentTaskToDelayedList
                0x0800b71c       0x98 build/tasks.o
 .text.xTaskCreateStatic
                0x0800b7b4       0x76 build/tasks.o
                0x0800b7b4                xTaskCreateStatic
 .text.xTaskCreate
                0x0800b82a       0x64 build/tasks.o
                0x0800b82a                xTaskCreate
 *fill*         0x0800b88e        0x2 
 .text.vTaskDelete
                0x0800b890       0xe0 build/tasks.o
                0x0800b890                vTaskDelete
 .text.vTaskStartScheduler
                0x0800b970       0x74 build/tasks.o
                0x0800b970                vTaskStartScheduler
 .text.vTaskSuspendAll
                0x0800b9e4       0x10 build/tasks.o
                0x0800b9e4                vTaskSuspendAll
 .text.xTaskIncrementTick
                0x0800b9f4      0x118 build/tasks.o
                0x0800b9f4                xTaskIncrementTick
 .text.xTaskResumeAll
                0x0800bb0c       0xf8 build/tasks.o
                0x0800bb0c                xTaskResumeAll
 .text.vTaskDelay
                0x0800bc04       0x4c build/tasks.o
                0x0800bc04                vTaskDelay
 .text.vTaskSwitchContext
                0x0800bc50       0x98 build/tasks.o
                0x0800bc50                vTaskSwitchContext
 .text.makeFreeRtosPriority
                0x0800bce8        0xc build/cmsis_os.o
 .text.osKernelStart
                0x0800bcf4        0xa build/cmsis_os.o
                0x0800bcf4                osKernelStart
 .text.osThreadCreate
                0x0800bcfe       0x66 build/cmsis_os.o
                0x0800bcfe                osThreadCreate
 .text.osThreadTerminate
                0x0800bd64        0xa build/cmsis_os.o
                0x0800bd64                osThreadTerminate
 .text.osDelay  0x0800bd6e        0xe build/cmsis_os.o
                0x0800bd6e                osDelay
 .text.prvHeapInit
                0x0800bd7c       0x68 build/heap_4.o
 .text.prvInsertBlockIntoFreeList
                0x0800bde4       0x64 build/heap_4.o
 .text.pvPortMalloc
                0x0800be48      0x104 build/heap_4.o
                0x0800be48                pvPortMalloc
 .text.vPortFree
                0x0800bf4c       0x7c build/heap_4.o
                0x0800bf4c                vPortFree
 .text.prvTaskExitError
                0x0800bfc8       0x40 build/port.o
 .text.prvPortStartFirstTask
                0x0800c008       0x28 build/port.o
 .text.vPortEnableVFP
                0x0800c030       0x14 build/port.o
 .text.pxPortInitialiseStack
                0x0800c044       0x2c build/port.o
                0x0800c044                pxPortInitialiseStack
 .text.SVC_Handler
                0x0800c070       0x24 build/port.o
                0x0800c070                SVC_Handler
 .text.vPortEnterCritical
                0x0800c094       0x44 build/port.o
                0x0800c094                vPortEnterCritical
 .text.vPortExitCritical
                0x0800c0d8       0x2c build/port.o
                0x0800c0d8                vPortExitCritical
 *fill*         0x0800c104        0xc 
 .text.PendSV_Handler
                0x0800c110       0x64 build/port.o
                0x0800c110                PendSV_Handler
 .text.SysTick_Handler
                0x0800c174       0x2c build/port.o
                0x0800c174                SysTick_Handler
 .text.vPortSetupTimerInterrupt
                0x0800c1a0       0x28 build/port.o
                0x0800c1a0                vPortSetupTimerInterrupt
 .text.xPortStartScheduler
                0x0800c1c8      0x118 build/port.o
                0x0800c1c8                xPortStartScheduler
 .text.USBD_Init
                0x0800c2e0       0x2e build/usbd_core.o
                0x0800c2e0                USBD_Init
 .text.USBD_RegisterClass
                0x0800c30e       0x40 build/usbd_core.o
                0x0800c30e                USBD_RegisterClass
 .text.USBD_Start
                0x0800c34e        0x8 build/usbd_core.o
                0x0800c34e                USBD_Start
 .text.USBD_SetClassConfig
                0x0800c356       0x12 build/usbd_core.o
                0x0800c356                USBD_SetClassConfig
 .text.USBD_ClrClassConfig
                0x0800c368       0x12 build/usbd_core.o
                0x0800c368                USBD_ClrClassConfig
 .text.USBD_LL_SetupStage
                0x0800c37a       0x58 build/usbd_core.o
                0x0800c37a                USBD_LL_SetupStage
 .text.USBD_LL_Reset
                0x0800c3d2       0x64 build/usbd_core.o
                0x0800c3d2                USBD_LL_Reset
 .text.USBD_LL_SetSpeed
                0x0800c436        0x6 build/usbd_core.o
                0x0800c436                USBD_LL_SetSpeed
 .text.USBD_LL_Suspend
                0x0800c43c       0x14 build/usbd_core.o
                0x0800c43c                USBD_LL_Suspend
 .text.USBD_LL_Resume
                0x0800c450       0x1a build/usbd_core.o
                0x0800c450                USBD_LL_Resume
 .text.USBD_LL_SOF
                0x0800c46a       0x22 build/usbd_core.o
                0x0800c46a                USBD_LL_SOF
 .text.USBD_LL_IsoINIncomplete
                0x0800c48c       0x2e build/usbd_core.o
                0x0800c48c                USBD_LL_IsoINIncomplete
 .text.USBD_LL_IsoOUTIncomplete
                0x0800c4ba       0x2e build/usbd_core.o
                0x0800c4ba                USBD_LL_IsoOUTIncomplete
 .text.USBD_LL_DevConnected
                0x0800c4e8        0x4 build/usbd_core.o
                0x0800c4e8                USBD_LL_DevConnected
 .text.USBD_LL_DevDisconnected
                0x0800c4ec       0x20 build/usbd_core.o
                0x0800c4ec                USBD_LL_DevDisconnected
 .text.USBD_CoreFindIF
                0x0800c50c        0x4 build/usbd_core.o
                0x0800c50c                USBD_CoreFindIF
 .text.USBD_CoreFindEP
                0x0800c510        0x4 build/usbd_core.o
                0x0800c510                USBD_CoreFindEP
 .text.USBD_LL_DataOutStage
                0x0800c514       0xc4 build/usbd_core.o
                0x0800c514                USBD_LL_DataOutStage
 .text.USBD_LL_DataInStage
                0x0800c5d8       0xd6 build/usbd_core.o
                0x0800c5d8                USBD_LL_DataInStage
 .text.USBD_GetNextDesc
                0x0800c6ae        0xe build/usbd_core.o
                0x0800c6ae                USBD_GetNextDesc
 .text.USBD_GetEpDesc
                0x0800c6bc       0x3e build/usbd_core.o
                0x0800c6bc                USBD_GetEpDesc
 .text.USBD_GetLen
                0x0800c6fa       0x14 build/usbd_ctlreq.o
 .text.USBD_ParseSetupRequest
                0x0800c70e       0x28 build/usbd_ctlreq.o
                0x0800c70e                USBD_ParseSetupRequest
 .text.USBD_CtlError
                0x0800c736       0x14 build/usbd_ctlreq.o
                0x0800c736                USBD_CtlError
 .text.USBD_GetDescriptor
                0x0800c74a      0x18a build/usbd_ctlreq.o
 .text.USBD_SetAddress
                0x0800c8d4       0x50 build/usbd_ctlreq.o
 .text.USBD_SetConfig
                0x0800c924       0xcc build/usbd_ctlreq.o
 .text.USBD_GetConfig
                0x0800c9f0       0x40 build/usbd_ctlreq.o
 .text.USBD_GetStatus
                0x0800ca30       0x38 build/usbd_ctlreq.o
 .text.USBD_SetFeature
                0x0800ca68       0x2a build/usbd_ctlreq.o
 .text.USBD_ClrFeature
                0x0800ca92       0x26 build/usbd_ctlreq.o
 .text.USBD_StdDevReq
                0x0800cab8       0x76 build/usbd_ctlreq.o
                0x0800cab8                USBD_StdDevReq
 .text.USBD_StdItfReq
                0x0800cb2e       0x84 build/usbd_ctlreq.o
                0x0800cb2e                USBD_StdItfReq
 .text.USBD_StdEPReq
                0x0800cbb2      0x230 build/usbd_ctlreq.o
                0x0800cbb2                USBD_StdEPReq
 .text.USBD_GetString
                0x0800cde2       0x3a build/usbd_ctlreq.o
                0x0800cde2                USBD_GetString
 .text.USBD_CtlSendData
                0x0800ce1c       0x1a build/usbd_ioreq.o
                0x0800ce1c                USBD_CtlSendData
 .text.USBD_CtlContinueSendData
                0x0800ce36       0x10 build/usbd_ioreq.o
                0x0800ce36                USBD_CtlContinueSendData
 .text.USBD_CtlPrepareRx
                0x0800ce46       0x1e build/usbd_ioreq.o
                0x0800ce46                USBD_CtlPrepareRx
 .text.USBD_CtlContinueRx
                0x0800ce64       0x10 build/usbd_ioreq.o
                0x0800ce64                USBD_CtlContinueRx
 .text.USBD_CtlSendStatus
                0x0800ce74       0x16 build/usbd_ioreq.o
                0x0800ce74                USBD_CtlSendStatus
 .text.USBD_CtlReceiveStatus
                0x0800ce8a       0x16 build/usbd_ioreq.o
                0x0800ce8a                USBD_CtlReceiveStatus
 .text.USBD_CDC_EP0_RxReady
                0x0800cea0       0x40 build/usbd_cdc.o
 .text.USBD_CDC_GetDeviceQualifierDescriptor
                0x0800cee0        0xc build/usbd_cdc.o
                0x0800cee0                USBD_CDC_GetDeviceQualifierDescriptor
 .text.USBD_CDC_GetOtherSpeedCfgDesc
                0x0800ceec       0x48 build/usbd_cdc.o
 .text.USBD_CDC_GetFSCfgDesc
                0x0800cf34       0x48 build/usbd_cdc.o
 .text.USBD_CDC_GetHSCfgDesc
                0x0800cf7c       0x48 build/usbd_cdc.o
 .text.USBD_CDC_DataOut
                0x0800cfc4       0x38 build/usbd_cdc.o
 .text.USBD_CDC_DataIn
                0x0800cffc       0x7c build/usbd_cdc.o
 .text.USBD_CDC_Setup
                0x0800d078      0x11a build/usbd_cdc.o
 .text.USBD_CDC_DeInit
                0x0800d192       0x64 build/usbd_cdc.o
 .text.USBD_CDC_Init
                0x0800d1f6       0xee build/usbd_cdc.o
 .text.USBD_CDC_RegisterInterface
                0x0800d2e4       0x16 build/usbd_cdc.o
                0x0800d2e4                USBD_CDC_RegisterInterface
 .text.USBD_CDC_SetTxBuffer
                0x0800d2fa       0x1c build/usbd_cdc.o
                0x0800d2fa                USBD_CDC_SetTxBuffer
 .text.USBD_CDC_SetRxBuffer
                0x0800d316       0x18 build/usbd_cdc.o
                0x0800d316                USBD_CDC_SetRxBuffer
 .text.USBD_CDC_TransmitPacket
                0x0800d32e       0x36 build/usbd_cdc.o
                0x0800d32e                USBD_CDC_TransmitPacket
 .text.USBD_CDC_ReceivePacket
                0x0800d364       0x38 build/usbd_cdc.o
                0x0800d364                USBD_CDC_ReceivePacket
 .text._DoInit  0x0800d39c       0x6c build/SEGGER_RTT.o
 .text.SEGGER_RTT_Init
                0x0800d408        0x8 build/SEGGER_RTT.o
                0x0800d408                SEGGER_RTT_Init
 .text.DWT_CNT_Update
                0x0800d410       0x4c build/bsp_dwt.o
 .text.DWT_Init
                0x0800d45c       0x70 build/bsp_dwt.o
                0x0800d45c                DWT_Init
 .text.DWT_GetDeltaT
                0x0800d4cc       0x48 build/bsp_dwt.o
                0x0800d4cc                DWT_GetDeltaT
 .text.DWT_SysTimeUpdate
                0x0800d514       0xd4 build/bsp_dwt.o
                0x0800d514                DWT_SysTimeUpdate
 .text.DWT_GetTimeline_s
                0x0800d5e8       0x4c build/bsp_dwt.o
                0x0800d5e8                DWT_GetTimeline_s
 .text.DWT_GetTimeline_ms
                0x0800d634       0x3c build/bsp_dwt.o
                0x0800d634                DWT_GetTimeline_ms
 .text.DWT_Delay
                0x0800d670       0x34 build/bsp_dwt.o
                0x0800d670                DWT_Delay
 .text.PWMSelectTclk
                0x0800d6a4       0x74 build/bsp_pwm.o
 .text.HAL_TIM_PWM_PulseFinishedCallback
                0x0800d718       0x44 build/bsp_pwm.o
                0x0800d718                HAL_TIM_PWM_PulseFinishedCallback
 .text.PWMSetPeriod
                0x0800d75c       0x44 build/bsp_pwm.o
                0x0800d75c                PWMSetPeriod
 .text.PWMSetDutyRatio
                0x0800d7a0       0x74 build/bsp_pwm.o
                0x0800d7a0                PWMSetDutyRatio
 .text.PWMRegister
                0x0800d814       0x7c build/bsp_pwm.o
                0x0800d814                PWMRegister
 .text.HAL_GPIO_EXTI_Callback
                0x0800d890       0x30 build/bsp_gpio.o
                0x0800d890                HAL_GPIO_EXTI_Callback
 .text.HAL_I2C_MasterRxCpltCallback
                0x0800d8c0       0x54 build/bsp_iic.o
                0x0800d8c0                HAL_I2C_MasterRxCpltCallback
 .text.HAL_I2C_MemRxCpltCallback
                0x0800d914        0x8 build/bsp_iic.o
                0x0800d914                HAL_I2C_MemRxCpltCallback
 .text.CANServiceInit
                0x0800d91c       0x3c build/bsp_can.o
 .text.CANAddFilter
                0x0800d958       0x74 build/bsp_can.o
 .text.CANFIFOxCallback
                0x0800d9cc       0x80 build/bsp_can.o
 .text.CANRegister
                0x0800da4c       0xa8 build/bsp_can.o
                0x0800da4c                CANRegister
 .text.CANTransmit
                0x0800daf4       0x7c build/bsp_can.o
                0x0800daf4                CANTransmit
 .text.HAL_CAN_RxFifo0MsgPendingCallback
                0x0800db70        0xa build/bsp_can.o
                0x0800db70                HAL_CAN_RxFifo0MsgPendingCallback
 .text.HAL_CAN_RxFifo1MsgPendingCallback
                0x0800db7a        0xa build/bsp_can.o
                0x0800db7a                HAL_CAN_RxFifo1MsgPendingCallback
 .text.USARTServiceInit
                0x0800db84       0x24 build/bsp_usart.o
                0x0800db84                USARTServiceInit
 .text.USARTRegister
                0x0800dba8       0x70 build/bsp_usart.o
                0x0800dba8                USARTRegister
 .text.USARTSend
                0x0800dc18       0x30 build/bsp_usart.o
                0x0800dc18                USARTSend
 .text.HAL_UARTEx_RxEventCallback
                0x0800dc48       0x6c build/bsp_usart.o
                0x0800dc48                HAL_UARTEx_RxEventCallback
 .text.HAL_UART_ErrorCallback
                0x0800dcb4       0x4c build/bsp_usart.o
                0x0800dcb4                HAL_UART_ErrorCallback
 .text.USBInit  0x0800dd00       0x1c build/bsp_usb.o
                0x0800dd00                USBInit
 .text.USBTransmit
                0x0800dd1c        0x8 build/bsp_usb.o
                0x0800dd1c                USBTransmit
 .text.BSPLogInit
                0x0800dd24        0x8 build/bsp_log.o
                0x0800dd24                BSPLogInit
 .text.LQR_Init
                0x0800dd2c       0x5a build/LQR.o
                0x0800dd2c                LQR_Init
 .text.LQR_SetSpeed
                0x0800dd86        0x6 build/LQR.o
                0x0800dd86                LQR_SetSpeed
 .text.LQR_Calc
                0x0800dd8c      0x222 build/LQR.o
                0x0800dd8c                LQR_Calc
 *fill*         0x0800dfae        0x2 
 .text.VMC_Init
                0x0800dfb0       0x54 build/VMC.o
                0x0800dfb0                VMC_Init
 *fill*         0x0800e004        0x4 
 .text.VMC_Calc
                0x0800e008      0x47c build/VMC.o
                0x0800e008                VMC_Calc
 .text.VMC_Jacobian
                0x0800e484       0xf6 build/VMC.o
                0x0800e484                VMC_Jacobian
 *fill*         0x0800e57a        0x2 
 .text.VMC_Force
                0x0800e57c       0xb4 build/VMC.o
                0x0800e57c                VMC_Force
 .text.f_Trapezoid_Intergral
                0x0800e630       0x2a build/controller.o
 .text.f_Changing_Integration_Rate
                0x0800e65a       0x66 build/controller.o
 .text.f_Integral_Limit
                0x0800e6c0       0x94 build/controller.o
 .text.f_Derivative_On_Measurement
                0x0800e754       0x22 build/controller.o
 .text.f_Derivative_Filter
                0x0800e776       0x2e build/controller.o
 .text.f_Output_Filter
                0x0800e7a4       0x2e build/controller.o
 .text.f_Output_Limit
                0x0800e7d2       0x2e build/controller.o
 .text.f_PID_ErrorHandle
                0x0800e800       0x90 build/controller.o
 .text.PIDInit  0x0800e890       0x4a build/controller.o
                0x0800e890                PIDInit
 .text.PIDCalculate
                0x0800e8da      0x140 build/controller.o
                0x0800e8da                PIDCalculate
 *fill*         0x0800ea1a        0x2 
 .text.H_K_R_Adjustment
                0x0800ea1c      0x114 build/kalman_filter.o
 .text.Kalman_Filter_Init
                0x0800eb30      0x42c build/kalman_filter.o
                0x0800eb30                Kalman_Filter_Init
 .text.Kalman_Filter_Measure
                0x0800ef5c       0x4c build/kalman_filter.o
                0x0800ef5c                Kalman_Filter_Measure
 .text.Kalman_Filter_xhatMinusUpdate
                0x0800efa8       0x76 build/kalman_filter.o
                0x0800efa8                Kalman_Filter_xhatMinusUpdate
 .text.Kalman_Filter_PminusUpdate
                0x0800f01e       0x68 build/kalman_filter.o
                0x0800f01e                Kalman_Filter_PminusUpdate
 .text.Kalman_Filter_SetK
                0x0800f086       0xcc build/kalman_filter.o
                0x0800f086                Kalman_Filter_SetK
 .text.Kalman_Filter_xhatUpdate
                0x0800f152       0x82 build/kalman_filter.o
                0x0800f152                Kalman_Filter_xhatUpdate
 .text.Kalman_Filter_P_Update
                0x0800f1d4       0x64 build/kalman_filter.o
                0x0800f1d4                Kalman_Filter_P_Update
 .text.Kalman_Filter_Update
                0x0800f238       0xf8 build/kalman_filter.o
                0x0800f238                Kalman_Filter_Update
 .text.invSqrt  0x0800f330       0x30 build/QuaternionEKF.o
 .text.IMU_QuaternionEKF_F_Linearization_P_Fading
                0x0800f360      0x1a0 build/QuaternionEKF.o
 .text.IMU_QuaternionEKF_Observe
                0x0800f500       0x38 build/QuaternionEKF.o
 .text.IMU_QuaternionEKF_xhatUpdate
                0x0800f538      0x444 build/QuaternionEKF.o
 .text.IMU_QuaternionEKF_SetH
                0x0800f97c       0xe4 build/QuaternionEKF.o
 .text.IMU_QuaternionEKF_Init
                0x0800fa60       0xe4 build/QuaternionEKF.o
                0x0800fa60                IMU_QuaternionEKF_Init
 .text.IMU_QuaternionEKF_Update
                0x0800fb44      0x420 build/QuaternionEKF.o
                0x0800fb44                IMU_QuaternionEKF_Update
 .text.crc_8    0x0800ff64       0x28 build/crc8.o
                0x0800ff64                crc_8
 .text.init_crc16_tab
                0x0800ff8c       0x54 build/crc16.o
                0x0800ff8c                init_crc16_tab
 .text.crc_16   0x0800ffe0       0x50 build/crc16.o
                0x0800ffe0                crc_16
 .text.Sqrt     0x08010030       0x5c build/user_lib.o
                0x08010030                Sqrt
 .text.float_constrain
                0x0801008c       0x20 build/user_lib.o
                0x0801008c                float_constrain
 .text.int_constrain
                0x080100ac       0x10 build/user_lib.o
                0x080100ac                int_constrain
 .text.float_rounding
                0x080100bc       0x40 build/user_lib.o
                0x080100bc                float_rounding
 .text.Norm3d   0x080100fc       0x4c build/user_lib.o
                0x080100fc                Norm3d
 .text.Cross3d  0x08010148       0x62 build/user_lib.o
                0x08010148                Cross3d
 .text.Dot3d    0x080101aa       0x2e build/user_lib.o
                0x080101aa                Dot3d
 .text.BMI088_read_muli_reg
                0x080101d8       0x24 build/BMI088driver.o
 .text.BMI088_write_single_reg
                0x080101fc       0x10 build/BMI088driver.o
 .text.BMI088_read_single_reg
                0x0801020c       0x16 build/BMI088driver.o
 *fill*         0x08010222        0x2 
 .text.Calibrate_MPU_Offset
                0x08010224      0x48c build/BMI088driver.o
 .text.bmi088_accel_init
                0x080106b0      0x168 build/BMI088driver.o
                0x080106b0                bmi088_accel_init
 .text.bmi088_gyro_init
                0x08010818      0x13c build/BMI088driver.o
                0x08010818                bmi088_gyro_init
 .text.BMI088Init
                0x08010954       0x6c build/BMI088driver.o
                0x08010954                BMI088Init
 .text.BMI088_Read
                0x080109c0      0x1f0 build/BMI088driver.o
                0x080109c0                BMI088_Read
 .text.BMI088_ACCEL_NS_L
                0x08010bb0       0x14 build/BMI088Middleware.o
                0x08010bb0                BMI088_ACCEL_NS_L
 .text.BMI088_ACCEL_NS_H
                0x08010bc4       0x14 build/BMI088Middleware.o
                0x08010bc4                BMI088_ACCEL_NS_H
 .text.BMI088_GYRO_NS_L
                0x08010bd8       0x14 build/BMI088Middleware.o
                0x08010bd8                BMI088_GYRO_NS_L
 .text.BMI088_GYRO_NS_H
                0x08010bec       0x14 build/BMI088Middleware.o
                0x08010bec                BMI088_GYRO_NS_H
 .text.BMI088_read_write_byte
                0x08010c00       0x30 build/BMI088Middleware.o
                0x08010c00                BMI088_read_write_byte
 .text.IMUPWMSet
                0x08010c30        0xc build/ins_task.o
 .text.InitQuaternion
                0x08010c3c      0x108 build/ins_task.o
 .text.IMU_Param_Correction
                0x08010d44      0x2c8 build/ins_task.o
 .text.IMU_Temperature_Ctrl
                0x0801100c       0x54 build/ins_task.o
 .text.INS_Init
                0x08011060       0xf8 build/ins_task.o
                0x08011060                INS_Init
 .text.BodyFrameToEarthFrame
                0x08011158      0x126 build/ins_task.o
                0x08011158                BodyFrameToEarthFrame
 .text.EarthFrameToBodyFrame
                0x0801127e      0x126 build/ins_task.o
                0x0801127e                EarthFrameToBodyFrame
 .text.INS_Task
                0x080113a4      0x18c build/ins_task.o
                0x080113a4                INS_Task
 .text.PCOfflineCallback
                0x08011530        0x2 build/master_process.o
 *fill*         0x08011532        0x2 
 .text.DecodeRobotPC
                0x08011534       0x18 build/master_process.o
 .text.PCSendIMU
                0x0801154c        0x2 build/master_process.o
                0x0801154c                PCSendIMU
 *fill*         0x0801154e        0x2 
 .text.RobotPCInit
                0x08011550       0x50 build/master_process.o
                0x08011550                RobotPCInit
 .text.RobotPCSend
                0x080115a0       0x30 build/master_process.o
                0x080115a0                RobotPCSend
 .text.get_protocol_send_data
                0x080115d0       0x98 build/seasky_protocol.o
                0x080115d0                get_protocol_send_data
 .text.get_protocol_info
                0x08011668       0x28 build/seasky_protocol.o
                0x08011668                get_protocol_info
 .text.MotorSenderGrouping
                0x08011690      0x118 build/dji_motor.o
 .text.DJIMotorLostCallback
                0x080117a8        0x2 build/dji_motor.o
 *fill*         0x080117aa        0x2 
 .text.DecodeDJIMotor
                0x080117ac      0x108 build/dji_motor.o
 .text.DJIMotorChangeFeed
                0x080118b4       0x12 build/dji_motor.o
                0x080118b4                DJIMotorChangeFeed
 .text.DJIMotorStop
                0x080118c6        0x8 build/dji_motor.o
                0x080118c6                DJIMotorStop
 .text.DJIMotorEnable
                0x080118ce        0x8 build/dji_motor.o
                0x080118ce                DJIMotorEnable
 *fill*         0x080118d6        0x2 
 .text.DJIMotorInit
                0x080118d8       0xd0 build/dji_motor.o
                0x080118d8                DJIMotorInit
 .text.DJIMotorSetRef
                0x080119a8        0x6 build/dji_motor.o
                0x080119a8                DJIMotorSetRef
 *fill*         0x080119ae        0x2 
 .text.DJIMotorControl
                0x080119b0      0x174 build/dji_motor.o
                0x080119b0                DJIMotorControl
 .text.LKMotorControl
                0x08011b24      0x140 build/LK9025.o
                0x08011b24                LKMotorControl
 .text.float_to_uint
                0x08011c64       0x2a build/dmmotor.o
 .text.uint_to_float
                0x08011c8e       0x28 build/dmmotor.o
 .text.DMMotorLostCallback
                0x08011cb6        0x2 build/dmmotor.o
 .text.DMMotorSetMode
                0x08011cb8       0x26 build/dmmotor.o
 *fill*         0x08011cde        0x2 
 .text.DMMotorDecode
                0x08011ce0       0xa0 build/dmmotor.o
 .text.DMMotorTask
                0x08011d80       0xf4 build/dmmotor.o
                0x08011d80                DMMotorTask
 .text.DMMotorCaliEncoder
                0x08011e74       0x18 build/dmmotor.o
                0x08011e74                DMMotorCaliEncoder
 .text.DMMotorSetRef
                0x08011e8c        0x6 build/dmmotor.o
                0x08011e8c                DMMotorSetRef
 .text.DMMotorEnable
                0x08011e92        0x8 build/dmmotor.o
                0x08011e92                DMMotorEnable
 *fill*         0x08011e9a        0x2 
 .text.DMMotorInit
                0x08011e9c       0xe8 build/dmmotor.o
                0x08011e9c                DMMotorInit
 .text.DMMotorStop
                0x08011f84        0x8 build/dmmotor.o
                0x08011f84                DMMotorStop
 .text.DMMotorControlInit
                0x08011f8c       0x78 build/dmmotor.o
                0x08011f8c                DMMotorControlInit
 .text.MotorControlTask
                0x08012004        0xc build/motor_task.o
                0x08012004                MotorControlTask
 .text.Get_CRC8_Check_Sum
                0x08012010       0x24 build/crc_ref.o
                0x08012010                Get_CRC8_Check_Sum
 .text.Verify_CRC8_Check_Sum
                0x08012034       0x2e build/crc_ref.o
                0x08012034                Verify_CRC8_Check_Sum
 *fill*         0x08012062        0x2 
 .text.Get_CRC16_Check_Sum
                0x08012064       0x38 build/crc_ref.o
                0x08012064                Get_CRC16_Check_Sum
 .text.Verify_CRC16_Check_Sum
                0x0801209c       0x48 build/crc_ref.o
                0x0801209c                Verify_CRC16_Check_Sum
 .text.Append_CRC16_Check_Sum
                0x080120e4       0x2c build/crc_ref.o
                0x080120e4                Append_CRC16_Check_Sum
 .text.RefereeLostCallback
                0x08012110       0x10 build/rm_referee.o
 .text.JudgeReadData
                0x08012120      0x1f0 build/rm_referee.o
 .text.RefereeRxCallback
                0x08012310       0x1c build/rm_referee.o
 .text.RefereeInit
                0x0801232c       0x54 build/rm_referee.o
                0x0801232c                RefereeInit
 .text.RefereeSend
                0x08012380       0x1c build/rm_referee.o
                0x08012380                RefereeSend
 .text.UIDelete
                0x0801239c       0x7c build/referee_UI.o
                0x0801239c                UIDelete
 .text.UILineDraw
                0x08012418      0x110 build/referee_UI.o
                0x08012418                UILineDraw
 .text.UIRectangleDraw
                0x08012528      0x114 build/referee_UI.o
                0x08012528                UIRectangleDraw
 .text.UIArcDraw
                0x0801263c      0x136 build/referee_UI.o
                0x0801263c                UIArcDraw
 *fill*         0x08012772        0x2 
 .text.UIGraphRefresh
                0x08012774      0x120 build/referee_UI.o
                0x08012774                UIGraphRefresh
 .text.DeterminRobotID
                0x08012894       0x2c build/referee_task.o
 .text.UIChangeCheck
                0x080128c0       0x82 build/referee_task.o
 *fill*         0x08012942        0x2 
 .text.MyUIRefresh
                0x08012944       0x40 build/referee_task.o
 .text.UITaskInit
                0x08012984       0x20 build/referee_task.o
                0x08012984                UITaskInit