ARM GAS  C:\Users\ADMINI~1\AppData\Local\Temp\ccx0jpEt.s 			page 1


   1              		.cpu cortex-m4
   2              		.arch armv7e-m
   3              		.fpu fpv4-sp-d16
   4              		.eabi_attribute 27, 1
   5              		.eabi_attribute 28, 1
   6              		.eabi_attribute 20, 1
   7              		.eabi_attribute 21, 1
   8              		.eabi_attribute 23, 3
   9              		.eabi_attribute 24, 1
  10              		.eabi_attribute 25, 1
  11              		.eabi_attribute 26, 1
  12              		.eabi_attribute 30, 1
  13              		.eabi_attribute 34, 1
  14              		.eabi_attribute 18, 4
  15              		.file	"main.c"
  16              		.text
  17              	.Ltext0:
  18              		.cfi_sections	.debug_frame
  19              		.file 1 "Src/main.c"
  20              		.section	.text.HAL_TIM_PeriodElapsedCallback,"ax",%progbits
  21              		.align	1
  22              		.global	HAL_TIM_PeriodElapsedCallback
  23              		.syntax unified
  24              		.thumb
  25              		.thumb_func
  27              	HAL_TIM_PeriodElapsedCallback:
  28              	.LVL0:
  29              	.LFB246:
   1:Src/main.c    **** /* USER CODE BEGIN Header */
   2:Src/main.c    **** /**
   3:Src/main.c    ****   ******************************************************************************
   4:Src/main.c    ****   * @file           : main.c
   5:Src/main.c    ****   * @brief          : Main program body
   6:Src/main.c    ****   ******************************************************************************
   7:Src/main.c    ****   * @attention
   8:Src/main.c    ****   *
   9:Src/main.c    ****   * Copyright (c) 2023 STMicroelectronics.
  10:Src/main.c    ****   * All rights reserved.
  11:Src/main.c    ****   *
  12:Src/main.c    ****   * This software is licensed under terms that can be found in the LICENSE file
  13:Src/main.c    ****   * in the root directory of this software component.
  14:Src/main.c    ****   * If no LICENSE file comes with this software, it is provided AS-IS.
  15:Src/main.c    ****   *
  16:Src/main.c    ****   ******************************************************************************
  17:Src/main.c    ****   */
  18:Src/main.c    **** /* USER CODE END Header */
  19:Src/main.c    **** /* Includes ------------------------------------------------------------------*/
  20:Src/main.c    **** #include "main.h"
  21:Src/main.c    **** #include "cmsis_os.h"
  22:Src/main.c    **** #include "adc.h"
  23:Src/main.c    **** #include "can.h"
  24:Src/main.c    **** #include "crc.h"
  25:Src/main.c    **** #include "dac.h"
  26:Src/main.c    **** #include "dma.h"
  27:Src/main.c    **** #include "i2c.h"
  28:Src/main.c    **** #include "rng.h"
  29:Src/main.c    **** #include "rtc.h"
ARM GAS  C:\Users\ADMINI~1\AppData\Local\Temp\ccx0jpEt.s 			page 2


  30:Src/main.c    **** #include "spi.h"
  31:Src/main.c    **** #include "tim.h"
  32:Src/main.c    **** #include "usart.h"
  33:Src/main.c    **** #include "usb_device.h"
  34:Src/main.c    **** #include "gpio.h"
  35:Src/main.c    **** 
  36:Src/main.c    **** /* Private includes ----------------------------------------------------------*/
  37:Src/main.c    **** /* USER CODE BEGIN Includes */
  38:Src/main.c    **** #include "robot.h"
  39:Src/main.c    **** #include "bsp_log.h"
  40:Src/main.c    **** /* USER CODE END Includes */
  41:Src/main.c    **** 
  42:Src/main.c    **** /* Private typedef -----------------------------------------------------------*/
  43:Src/main.c    **** /* USER CODE BEGIN PTD */
  44:Src/main.c    **** 
  45:Src/main.c    **** /* USER CODE END PTD */
  46:Src/main.c    **** 
  47:Src/main.c    **** /* Private define ------------------------------------------------------------*/
  48:Src/main.c    **** /* USER CODE BEGIN PD */
  49:Src/main.c    **** /* USER CODE END PD */
  50:Src/main.c    **** 
  51:Src/main.c    **** /* Private macro -------------------------------------------------------------*/
  52:Src/main.c    **** /* USER CODE BEGIN PM */
  53:Src/main.c    **** 
  54:Src/main.c    **** /* USER CODE END PM */
  55:Src/main.c    **** 
  56:Src/main.c    **** /* Private variables ---------------------------------------------------------*/
  57:Src/main.c    **** 
  58:Src/main.c    **** /* USER CODE BEGIN PV */
  59:Src/main.c    **** 
  60:Src/main.c    **** /* USER CODE END PV */
  61:Src/main.c    **** 
  62:Src/main.c    **** /* Private function prototypes -----------------------------------------------*/
  63:Src/main.c    **** void SystemClock_Config(void);
  64:Src/main.c    **** void MX_FREERTOS_Init(void);
  65:Src/main.c    **** /* USER CODE BEGIN PFP */
  66:Src/main.c    **** 
  67:Src/main.c    **** /* USER CODE END PFP */
  68:Src/main.c    **** 
  69:Src/main.c    **** /* Private user code ---------------------------------------------------------*/
  70:Src/main.c    **** /* USER CODE BEGIN 0 */
  71:Src/main.c    **** 
  72:Src/main.c    **** /* USER CODE END 0 */
  73:Src/main.c    **** 
  74:Src/main.c    **** /**
  75:Src/main.c    ****   * @brief  The application entry point.
  76:Src/main.c    ****   * @retval int
  77:Src/main.c    ****   */
  78:Src/main.c    **** /**
  79:Src/main.c    ****   * @brief  主函数，程序入口点
  80:Src/main.c    ****   * @param  无
  81:Src/main.c    ****   * @retval 无
  82:Src/main.c    ****   */
  83:Src/main.c    **** int main(void)
  84:Src/main.c    **** {
  85:Src/main.c    ****   /* USER CODE BEGIN 1 */
  86:Src/main.c    ****  
ARM GAS  C:\Users\ADMINI~1\AppData\Local\Temp\ccx0jpEt.s 			page 3


  87:Src/main.c    ****   /* 用户代码区1，可以在其中添加自定义代码 */
  88:Src/main.c    ****   /* USER CODE END 1 */
  89:Src/main.c    **** 
  90:Src/main.c    ****   /* MCU Configuration--------------------------------------------------------*/
  91:Src/main.c    **** 
  92:Src/main.c    ****   /* Reset of all peripherals, Initializes the Flash interface and the Systick. */
  93:Src/main.c    ****   HAL_Init();
  94:Src/main.c    **** 
  95:Src/main.c    ****   /* USER CODE BEGIN Init */
  96:Src/main.c    **** 
  97:Src/main.c    ****   /* USER CODE END Init */
  98:Src/main.c    **** 
  99:Src/main.c    ****   /* Configure the system clock */
 100:Src/main.c    ****   SystemClock_Config();
 101:Src/main.c    **** 
 102:Src/main.c    ****   /* USER CODE BEGIN SysInit */
 103:Src/main.c    **** 
 104:Src/main.c    ****   /* USER CODE END SysInit */
 105:Src/main.c    **** 
 106:Src/main.c    ****   /* Initialize all configured peripherals */
 107:Src/main.c    ****   MX_GPIO_Init();
 108:Src/main.c    ****   MX_DMA_Init();
 109:Src/main.c    ****   MX_ADC1_Init();
 110:Src/main.c    ****   MX_CAN1_Init();
 111:Src/main.c    ****   MX_CAN2_Init();
 112:Src/main.c    ****   MX_SPI1_Init();
 113:Src/main.c    ****   MX_TIM4_Init();
 114:Src/main.c    ****   MX_TIM5_Init();
 115:Src/main.c    ****   MX_USART3_UART_Init();
 116:Src/main.c    ****   MX_RNG_Init();
 117:Src/main.c    ****   MX_RTC_Init();
 118:Src/main.c    ****   MX_TIM1_Init();
 119:Src/main.c    ****   MX_TIM10_Init();
 120:Src/main.c    ****   MX_USART1_UART_Init();
 121:Src/main.c    ****   MX_USART6_UART_Init();
 122:Src/main.c    ****   MX_TIM8_Init();
 123:Src/main.c    ****   MX_I2C2_Init();
 124:Src/main.c    ****   MX_I2C3_Init();
 125:Src/main.c    ****   MX_SPI2_Init();
 126:Src/main.c    ****   MX_CRC_Init();
 127:Src/main.c    ****   MX_DAC_Init();
 128:Src/main.c    ****   /* USER CODE BEGIN 2 */
 129:Src/main.c    **** 	RobotInit(); // 唯一的初始化函数
 130:Src/main.c    ****   LOGINFO("[main] SystemInit() and RobotInit() done");
 131:Src/main.c    ****   /* USER CODE END 2 */
 132:Src/main.c    **** 
 133:Src/main.c    ****   /* Call init function for freertos objects (in freertos.c) */
 134:Src/main.c    ****   MX_FREERTOS_Init();
 135:Src/main.c    **** 
 136:Src/main.c    ****   /* Start scheduler */
 137:Src/main.c    ****   osKernelStart();
 138:Src/main.c    **** 
 139:Src/main.c    ****   /* We should never get here as control is now taken by the scheduler */
 140:Src/main.c    ****   /* Infinite loop */
 141:Src/main.c    ****   /* USER CODE BEGIN WHILE */
 142:Src/main.c    ****   while (1)
 143:Src/main.c    ****   {
ARM GAS  C:\Users\ADMINI~1\AppData\Local\Temp\ccx0jpEt.s 			page 4


 144:Src/main.c    ****     /* USER CODE END WHILE */
 145:Src/main.c    **** 
 146:Src/main.c    ****     /* USER CODE BEGIN 3 */
 147:Src/main.c    ****   }
 148:Src/main.c    ****   /* USER CODE END 3 */
 149:Src/main.c    **** }
 150:Src/main.c    **** 
 151:Src/main.c    **** /**
 152:Src/main.c    ****   * @brief System Clock Configuration
 153:Src/main.c    ****   * @retval None
 154:Src/main.c    ****   */
 155:Src/main.c    **** void SystemClock_Config(void)
 156:Src/main.c    **** {
 157:Src/main.c    ****   RCC_OscInitTypeDef RCC_OscInitStruct = {0};
 158:Src/main.c    ****   RCC_ClkInitTypeDef RCC_ClkInitStruct = {0};
 159:Src/main.c    **** 
 160:Src/main.c    ****   /** Configure the main internal regulator output voltage
 161:Src/main.c    ****   */
 162:Src/main.c    ****   __HAL_RCC_PWR_CLK_ENABLE();
 163:Src/main.c    ****   __HAL_PWR_VOLTAGESCALING_CONFIG(PWR_REGULATOR_VOLTAGE_SCALE1);
 164:Src/main.c    **** 
 165:Src/main.c    ****   /** Initializes the RCC Oscillators according to the specified parameters
 166:Src/main.c    ****   * in the RCC_OscInitTypeDef structure.
 167:Src/main.c    ****   */
 168:Src/main.c    ****   RCC_OscInitStruct.OscillatorType = RCC_OSCILLATORTYPE_HSE;
 169:Src/main.c    ****   RCC_OscInitStruct.HSEState = RCC_HSE_ON;
 170:Src/main.c    ****   RCC_OscInitStruct.PLL.PLLState = RCC_PLL_ON;
 171:Src/main.c    ****   RCC_OscInitStruct.PLL.PLLSource = RCC_PLLSOURCE_HSE;
 172:Src/main.c    ****   RCC_OscInitStruct.PLL.PLLM = 6;
 173:Src/main.c    ****   RCC_OscInitStruct.PLL.PLLN = 168;
 174:Src/main.c    ****   RCC_OscInitStruct.PLL.PLLP = RCC_PLLP_DIV2;
 175:Src/main.c    ****   RCC_OscInitStruct.PLL.PLLQ = 7;
 176:Src/main.c    ****   if (HAL_RCC_OscConfig(&RCC_OscInitStruct) != HAL_OK)
 177:Src/main.c    ****   {
 178:Src/main.c    ****     Error_Handler();
 179:Src/main.c    ****   }
 180:Src/main.c    **** 
 181:Src/main.c    ****   /** Initializes the CPU, AHB and APB buses clocks
 182:Src/main.c    ****   */
 183:Src/main.c    ****   RCC_ClkInitStruct.ClockType = RCC_CLOCKTYPE_HCLK|RCC_CLOCKTYPE_SYSCLK
 184:Src/main.c    ****                               |RCC_CLOCKTYPE_PCLK1|RCC_CLOCKTYPE_PCLK2;
 185:Src/main.c    ****   RCC_ClkInitStruct.SYSCLKSource = RCC_SYSCLKSOURCE_PLLCLK;
 186:Src/main.c    ****   RCC_ClkInitStruct.AHBCLKDivider = RCC_SYSCLK_DIV1;
 187:Src/main.c    ****   RCC_ClkInitStruct.APB1CLKDivider = RCC_HCLK_DIV4;
 188:Src/main.c    ****   RCC_ClkInitStruct.APB2CLKDivider = RCC_HCLK_DIV2;
 189:Src/main.c    **** 
 190:Src/main.c    ****   if (HAL_RCC_ClockConfig(&RCC_ClkInitStruct, FLASH_LATENCY_5) != HAL_OK)
 191:Src/main.c    ****   {
 192:Src/main.c    ****     Error_Handler();
 193:Src/main.c    ****   }
 194:Src/main.c    **** }
 195:Src/main.c    **** 
 196:Src/main.c    **** /* USER CODE BEGIN 4 */
 197:Src/main.c    **** 
 198:Src/main.c    **** /* USER CODE END 4 */
 199:Src/main.c    **** 
 200:Src/main.c    **** /**
ARM GAS  C:\Users\ADMINI~1\AppData\Local\Temp\ccx0jpEt.s 			page 5


 201:Src/main.c    ****   * @brief  Period elapsed callback in non blocking mode
 202:Src/main.c    ****   * @note   This function is called  when TIM14 interrupt took place, inside
 203:Src/main.c    ****   * HAL_TIM_IRQHandler(). It makes a direct call to HAL_IncTick() to increment
 204:Src/main.c    ****   * a global variable "uwTick" used as application time base.
 205:Src/main.c    ****   * @param  htim : TIM handle
 206:Src/main.c    ****   * @retval None
 207:Src/main.c    ****   */
 208:Src/main.c    **** void HAL_TIM_PeriodElapsedCallback(TIM_HandleTypeDef *htim)
 209:Src/main.c    **** {
  30              		.loc 1 209 1 view -0
  31              		.cfi_startproc
  32              		@ args = 0, pretend = 0, frame = 0
  33              		@ frame_needed = 0, uses_anonymous_args = 0
  34              		.loc 1 209 1 is_stmt 0 view .LVU1
  35 0000 08B5     		push	{r3, lr}
  36              	.LCFI0:
  37              		.cfi_def_cfa_offset 8
  38              		.cfi_offset 3, -8
  39              		.cfi_offset 14, -4
 210:Src/main.c    ****   /* USER CODE BEGIN Callback 0 */
 211:Src/main.c    **** 
 212:Src/main.c    ****   /* USER CODE END Callback 0 */
 213:Src/main.c    ****   if (htim->Instance == TIM14) {
  40              		.loc 1 213 3 is_stmt 1 view .LVU2
  41              		.loc 1 213 11 is_stmt 0 view .LVU3
  42 0002 0268     		ldr	r2, [r0]
  43              		.loc 1 213 6 view .LVU4
  44 0004 034B     		ldr	r3, .L5
  45 0006 9A42     		cmp	r2, r3
  46 0008 00D0     		beq	.L4
  47              	.LVL1:
  48              	.L1:
 214:Src/main.c    ****     HAL_IncTick();
 215:Src/main.c    ****   }
 216:Src/main.c    ****   /* USER CODE BEGIN Callback 1 */
 217:Src/main.c    **** 
 218:Src/main.c    ****   /* USER CODE END Callback 1 */
 219:Src/main.c    **** }
  49              		.loc 1 219 1 view .LVU5
  50 000a 08BD     		pop	{r3, pc}
  51              	.LVL2:
  52              	.L4:
 214:Src/main.c    ****     HAL_IncTick();
  53              		.loc 1 214 5 is_stmt 1 view .LVU6
  54 000c FFF7FEFF 		bl	HAL_IncTick
  55              	.LVL3:
  56              		.loc 1 219 1 is_stmt 0 view .LVU7
  57 0010 FBE7     		b	.L1
  58              	.L6:
  59 0012 00BF     		.align	2
  60              	.L5:
  61 0014 00200040 		.word	1073750016
  62              		.cfi_endproc
  63              	.LFE246:
  65              		.section	.text.Error_Handler,"ax",%progbits
  66              		.align	1
  67              		.global	Error_Handler
ARM GAS  C:\Users\ADMINI~1\AppData\Local\Temp\ccx0jpEt.s 			page 6


  68              		.syntax unified
  69              		.thumb
  70              		.thumb_func
  72              	Error_Handler:
  73              	.LFB247:
 220:Src/main.c    **** 
 221:Src/main.c    **** /**
 222:Src/main.c    ****   * @brief  This function is executed in case of error occurrence.
 223:Src/main.c    ****   * @retval None
 224:Src/main.c    ****   */
 225:Src/main.c    **** void Error_Handler(void)
 226:Src/main.c    **** {
  74              		.loc 1 226 1 is_stmt 1 view -0
  75              		.cfi_startproc
  76              		@ Volatile: function does not return.
  77              		@ args = 0, pretend = 0, frame = 0
  78              		@ frame_needed = 0, uses_anonymous_args = 0
  79              		@ link register save eliminated.
 227:Src/main.c    ****   /* USER CODE BEGIN Error_Handler_Debug */
 228:Src/main.c    ****   /* User can add his own implementation to report the HAL error return state */
 229:Src/main.c    ****   __disable_irq();
  80              		.loc 1 229 3 view .LVU9
  81              	.LBB4:
  82              	.LBI4:
  83              		.file 2 "Drivers/CMSIS/Include/cmsis_gcc.h"
   1:Drivers/CMSIS/Include/cmsis_gcc.h **** /**************************************************************************//**
   2:Drivers/CMSIS/Include/cmsis_gcc.h ****  * @file     cmsis_gcc.h
   3:Drivers/CMSIS/Include/cmsis_gcc.h ****  * @brief    CMSIS compiler GCC header file
   4:Drivers/CMSIS/Include/cmsis_gcc.h ****  * @version  V5.0.4
   5:Drivers/CMSIS/Include/cmsis_gcc.h ****  * @date     09. April 2018
   6:Drivers/CMSIS/Include/cmsis_gcc.h ****  ******************************************************************************/
   7:Drivers/CMSIS/Include/cmsis_gcc.h **** /*
   8:Drivers/CMSIS/Include/cmsis_gcc.h ****  * Copyright (c) 2009-2018 Arm Limited. All rights reserved.
   9:Drivers/CMSIS/Include/cmsis_gcc.h ****  *
  10:Drivers/CMSIS/Include/cmsis_gcc.h ****  * SPDX-License-Identifier: Apache-2.0
  11:Drivers/CMSIS/Include/cmsis_gcc.h ****  *
  12:Drivers/CMSIS/Include/cmsis_gcc.h ****  * Licensed under the Apache License, Version 2.0 (the License); you may
  13:Drivers/CMSIS/Include/cmsis_gcc.h ****  * not use this file except in compliance with the License.
  14:Drivers/CMSIS/Include/cmsis_gcc.h ****  * You may obtain a copy of the License at
  15:Drivers/CMSIS/Include/cmsis_gcc.h ****  *
  16:Drivers/CMSIS/Include/cmsis_gcc.h ****  * www.apache.org/licenses/LICENSE-2.0
  17:Drivers/CMSIS/Include/cmsis_gcc.h ****  *
  18:Drivers/CMSIS/Include/cmsis_gcc.h ****  * Unless required by applicable law or agreed to in writing, software
  19:Drivers/CMSIS/Include/cmsis_gcc.h ****  * distributed under the License is distributed on an AS IS BASIS, WITHOUT
  20:Drivers/CMSIS/Include/cmsis_gcc.h ****  * WARRANTIES OR CONDITIONS OF ANY KIND, either express or implied.
  21:Drivers/CMSIS/Include/cmsis_gcc.h ****  * See the License for the specific language governing permissions and
  22:Drivers/CMSIS/Include/cmsis_gcc.h ****  * limitations under the License.
  23:Drivers/CMSIS/Include/cmsis_gcc.h ****  */
  24:Drivers/CMSIS/Include/cmsis_gcc.h **** 
  25:Drivers/CMSIS/Include/cmsis_gcc.h **** #ifndef __CMSIS_GCC_H
  26:Drivers/CMSIS/Include/cmsis_gcc.h **** #define __CMSIS_GCC_H
  27:Drivers/CMSIS/Include/cmsis_gcc.h **** 
  28:Drivers/CMSIS/Include/cmsis_gcc.h **** /* ignore some GCC warnings */
  29:Drivers/CMSIS/Include/cmsis_gcc.h **** #pragma GCC diagnostic push
  30:Drivers/CMSIS/Include/cmsis_gcc.h **** #pragma GCC diagnostic ignored "-Wsign-conversion"
  31:Drivers/CMSIS/Include/cmsis_gcc.h **** #pragma GCC diagnostic ignored "-Wconversion"
  32:Drivers/CMSIS/Include/cmsis_gcc.h **** #pragma GCC diagnostic ignored "-Wunused-parameter"
ARM GAS  C:\Users\ADMINI~1\AppData\Local\Temp\ccx0jpEt.s 			page 7


  33:Drivers/CMSIS/Include/cmsis_gcc.h **** 
  34:Drivers/CMSIS/Include/cmsis_gcc.h **** /* Fallback for __has_builtin */
  35:Drivers/CMSIS/Include/cmsis_gcc.h **** #ifndef __has_builtin
  36:Drivers/CMSIS/Include/cmsis_gcc.h ****   #define __has_builtin(x) (0)
  37:Drivers/CMSIS/Include/cmsis_gcc.h **** #endif
  38:Drivers/CMSIS/Include/cmsis_gcc.h **** 
  39:Drivers/CMSIS/Include/cmsis_gcc.h **** /* CMSIS compiler specific defines */
  40:Drivers/CMSIS/Include/cmsis_gcc.h **** #ifndef   __ASM
  41:Drivers/CMSIS/Include/cmsis_gcc.h ****   #define __ASM                                  __asm
  42:Drivers/CMSIS/Include/cmsis_gcc.h **** #endif
  43:Drivers/CMSIS/Include/cmsis_gcc.h **** #ifndef   __INLINE
  44:Drivers/CMSIS/Include/cmsis_gcc.h ****   #define __INLINE                               inline
  45:Drivers/CMSIS/Include/cmsis_gcc.h **** #endif
  46:Drivers/CMSIS/Include/cmsis_gcc.h **** #ifndef   __STATIC_INLINE
  47:Drivers/CMSIS/Include/cmsis_gcc.h ****   #define __STATIC_INLINE                        static inline
  48:Drivers/CMSIS/Include/cmsis_gcc.h **** #endif
  49:Drivers/CMSIS/Include/cmsis_gcc.h **** #ifndef   __STATIC_FORCEINLINE                 
  50:Drivers/CMSIS/Include/cmsis_gcc.h ****   #define __STATIC_FORCEINLINE                   __attribute__((always_inline)) static inline
  51:Drivers/CMSIS/Include/cmsis_gcc.h **** #endif                                           
  52:Drivers/CMSIS/Include/cmsis_gcc.h **** #ifndef   __NO_RETURN
  53:Drivers/CMSIS/Include/cmsis_gcc.h ****   #define __NO_RETURN                            __attribute__((__noreturn__))
  54:Drivers/CMSIS/Include/cmsis_gcc.h **** #endif
  55:Drivers/CMSIS/Include/cmsis_gcc.h **** #ifndef   __USED
  56:Drivers/CMSIS/Include/cmsis_gcc.h ****   #define __USED                                 __attribute__((used))
  57:Drivers/CMSIS/Include/cmsis_gcc.h **** #endif
  58:Drivers/CMSIS/Include/cmsis_gcc.h **** #ifndef   __WEAK
  59:Drivers/CMSIS/Include/cmsis_gcc.h ****   #define __WEAK                                 __attribute__((weak))
  60:Drivers/CMSIS/Include/cmsis_gcc.h **** #endif
  61:Drivers/CMSIS/Include/cmsis_gcc.h **** #ifndef   __PACKED
  62:Drivers/CMSIS/Include/cmsis_gcc.h ****   #define __PACKED                               __attribute__((packed, aligned(1)))
  63:Drivers/CMSIS/Include/cmsis_gcc.h **** #endif
  64:Drivers/CMSIS/Include/cmsis_gcc.h **** #ifndef   __PACKED_STRUCT
  65:Drivers/CMSIS/Include/cmsis_gcc.h ****   #define __PACKED_STRUCT                        struct __attribute__((packed, aligned(1)))
  66:Drivers/CMSIS/Include/cmsis_gcc.h **** #endif
  67:Drivers/CMSIS/Include/cmsis_gcc.h **** #ifndef   __PACKED_UNION
  68:Drivers/CMSIS/Include/cmsis_gcc.h ****   #define __PACKED_UNION                         union __attribute__((packed, aligned(1)))
  69:Drivers/CMSIS/Include/cmsis_gcc.h **** #endif
  70:Drivers/CMSIS/Include/cmsis_gcc.h **** #ifndef   __UNALIGNED_UINT32        /* deprecated */
  71:Drivers/CMSIS/Include/cmsis_gcc.h ****   #pragma GCC diagnostic push
  72:Drivers/CMSIS/Include/cmsis_gcc.h ****   #pragma GCC diagnostic ignored "-Wpacked"
  73:Drivers/CMSIS/Include/cmsis_gcc.h ****   #pragma GCC diagnostic ignored "-Wattributes"
  74:Drivers/CMSIS/Include/cmsis_gcc.h ****   struct __attribute__((packed)) T_UINT32 { uint32_t v; };
  75:Drivers/CMSIS/Include/cmsis_gcc.h ****   #pragma GCC diagnostic pop
  76:Drivers/CMSIS/Include/cmsis_gcc.h ****   #define __UNALIGNED_UINT32(x)                  (((struct T_UINT32 *)(x))->v)
  77:Drivers/CMSIS/Include/cmsis_gcc.h **** #endif
  78:Drivers/CMSIS/Include/cmsis_gcc.h **** #ifndef   __UNALIGNED_UINT16_WRITE
  79:Drivers/CMSIS/Include/cmsis_gcc.h ****   #pragma GCC diagnostic push
  80:Drivers/CMSIS/Include/cmsis_gcc.h ****   #pragma GCC diagnostic ignored "-Wpacked"
  81:Drivers/CMSIS/Include/cmsis_gcc.h ****   #pragma GCC diagnostic ignored "-Wattributes"
  82:Drivers/CMSIS/Include/cmsis_gcc.h ****   __PACKED_STRUCT T_UINT16_WRITE { uint16_t v; };
  83:Drivers/CMSIS/Include/cmsis_gcc.h ****   #pragma GCC diagnostic pop
  84:Drivers/CMSIS/Include/cmsis_gcc.h ****   #define __UNALIGNED_UINT16_WRITE(addr, val)    (void)((((struct T_UINT16_WRITE *)(void *)(addr))-
  85:Drivers/CMSIS/Include/cmsis_gcc.h **** #endif
  86:Drivers/CMSIS/Include/cmsis_gcc.h **** #ifndef   __UNALIGNED_UINT16_READ
  87:Drivers/CMSIS/Include/cmsis_gcc.h ****   #pragma GCC diagnostic push
  88:Drivers/CMSIS/Include/cmsis_gcc.h ****   #pragma GCC diagnostic ignored "-Wpacked"
  89:Drivers/CMSIS/Include/cmsis_gcc.h ****   #pragma GCC diagnostic ignored "-Wattributes"
ARM GAS  C:\Users\ADMINI~1\AppData\Local\Temp\ccx0jpEt.s 			page 8


  90:Drivers/CMSIS/Include/cmsis_gcc.h ****   __PACKED_STRUCT T_UINT16_READ { uint16_t v; };
  91:Drivers/CMSIS/Include/cmsis_gcc.h ****   #pragma GCC diagnostic pop
  92:Drivers/CMSIS/Include/cmsis_gcc.h ****   #define __UNALIGNED_UINT16_READ(addr)          (((const struct T_UINT16_READ *)(const void *)(add
  93:Drivers/CMSIS/Include/cmsis_gcc.h **** #endif
  94:Drivers/CMSIS/Include/cmsis_gcc.h **** #ifndef   __UNALIGNED_UINT32_WRITE
  95:Drivers/CMSIS/Include/cmsis_gcc.h ****   #pragma GCC diagnostic push
  96:Drivers/CMSIS/Include/cmsis_gcc.h ****   #pragma GCC diagnostic ignored "-Wpacked"
  97:Drivers/CMSIS/Include/cmsis_gcc.h ****   #pragma GCC diagnostic ignored "-Wattributes"
  98:Drivers/CMSIS/Include/cmsis_gcc.h ****   __PACKED_STRUCT T_UINT32_WRITE { uint32_t v; };
  99:Drivers/CMSIS/Include/cmsis_gcc.h ****   #pragma GCC diagnostic pop
 100:Drivers/CMSIS/Include/cmsis_gcc.h ****   #define __UNALIGNED_UINT32_WRITE(addr, val)    (void)((((struct T_UINT32_WRITE *)(void *)(addr))-
 101:Drivers/CMSIS/Include/cmsis_gcc.h **** #endif
 102:Drivers/CMSIS/Include/cmsis_gcc.h **** #ifndef   __UNALIGNED_UINT32_READ
 103:Drivers/CMSIS/Include/cmsis_gcc.h ****   #pragma GCC diagnostic push
 104:Drivers/CMSIS/Include/cmsis_gcc.h ****   #pragma GCC diagnostic ignored "-Wpacked"
 105:Drivers/CMSIS/Include/cmsis_gcc.h ****   #pragma GCC diagnostic ignored "-Wattributes"
 106:Drivers/CMSIS/Include/cmsis_gcc.h ****   __PACKED_STRUCT T_UINT32_READ { uint32_t v; };
 107:Drivers/CMSIS/Include/cmsis_gcc.h ****   #pragma GCC diagnostic pop
 108:Drivers/CMSIS/Include/cmsis_gcc.h ****   #define __UNALIGNED_UINT32_READ(addr)          (((const struct T_UINT32_READ *)(const void *)(add
 109:Drivers/CMSIS/Include/cmsis_gcc.h **** #endif
 110:Drivers/CMSIS/Include/cmsis_gcc.h **** #ifndef   __ALIGNED
 111:Drivers/CMSIS/Include/cmsis_gcc.h ****   #define __ALIGNED(x)                           __attribute__((aligned(x)))
 112:Drivers/CMSIS/Include/cmsis_gcc.h **** #endif
 113:Drivers/CMSIS/Include/cmsis_gcc.h **** #ifndef   __RESTRICT
 114:Drivers/CMSIS/Include/cmsis_gcc.h ****   #define __RESTRICT                             __restrict
 115:Drivers/CMSIS/Include/cmsis_gcc.h **** #endif
 116:Drivers/CMSIS/Include/cmsis_gcc.h **** 
 117:Drivers/CMSIS/Include/cmsis_gcc.h **** 
 118:Drivers/CMSIS/Include/cmsis_gcc.h **** /* ###########################  Core Function Access  ########################### */
 119:Drivers/CMSIS/Include/cmsis_gcc.h **** /** \ingroup  CMSIS_Core_FunctionInterface
 120:Drivers/CMSIS/Include/cmsis_gcc.h ****     \defgroup CMSIS_Core_RegAccFunctions CMSIS Core Register Access Functions
 121:Drivers/CMSIS/Include/cmsis_gcc.h ****   @{
 122:Drivers/CMSIS/Include/cmsis_gcc.h ****  */
 123:Drivers/CMSIS/Include/cmsis_gcc.h **** 
 124:Drivers/CMSIS/Include/cmsis_gcc.h **** /**
 125:Drivers/CMSIS/Include/cmsis_gcc.h ****   \brief   Enable IRQ Interrupts
 126:Drivers/CMSIS/Include/cmsis_gcc.h ****   \details Enables IRQ interrupts by clearing the I-bit in the CPSR.
 127:Drivers/CMSIS/Include/cmsis_gcc.h ****            Can only be executed in Privileged modes.
 128:Drivers/CMSIS/Include/cmsis_gcc.h ****  */
 129:Drivers/CMSIS/Include/cmsis_gcc.h **** __STATIC_FORCEINLINE void __enable_irq(void)
 130:Drivers/CMSIS/Include/cmsis_gcc.h **** {
 131:Drivers/CMSIS/Include/cmsis_gcc.h ****   __ASM volatile ("cpsie i" : : : "memory");
 132:Drivers/CMSIS/Include/cmsis_gcc.h **** }
 133:Drivers/CMSIS/Include/cmsis_gcc.h **** 
 134:Drivers/CMSIS/Include/cmsis_gcc.h **** 
 135:Drivers/CMSIS/Include/cmsis_gcc.h **** /**
 136:Drivers/CMSIS/Include/cmsis_gcc.h ****   \brief   Disable IRQ Interrupts
 137:Drivers/CMSIS/Include/cmsis_gcc.h ****   \details Disables IRQ interrupts by setting the I-bit in the CPSR.
 138:Drivers/CMSIS/Include/cmsis_gcc.h ****            Can only be executed in Privileged modes.
 139:Drivers/CMSIS/Include/cmsis_gcc.h ****  */
 140:Drivers/CMSIS/Include/cmsis_gcc.h **** __STATIC_FORCEINLINE void __disable_irq(void)
  84              		.loc 2 140 27 view .LVU10
  85              	.LBB5:
 141:Drivers/CMSIS/Include/cmsis_gcc.h **** {
 142:Drivers/CMSIS/Include/cmsis_gcc.h ****   __ASM volatile ("cpsid i" : : : "memory");
  86              		.loc 2 142 3 view .LVU11
  87              		.syntax unified
ARM GAS  C:\Users\ADMINI~1\AppData\Local\Temp\ccx0jpEt.s 			page 9


  88              	@ 142 "Drivers/CMSIS/Include/cmsis_gcc.h" 1
  89 0000 72B6     		cpsid i
  90              	@ 0 "" 2
  91              		.thumb
  92              		.syntax unified
  93              	.L8:
  94              	.LBE5:
  95              	.LBE4:
 230:Src/main.c    ****   while (1)
  96              		.loc 1 230 3 view .LVU12
 231:Src/main.c    ****   {
 232:Src/main.c    ****   }
  97              		.loc 1 232 3 view .LVU13
 230:Src/main.c    ****   while (1)
  98              		.loc 1 230 9 view .LVU14
  99 0002 FEE7     		b	.L8
 100              		.cfi_endproc
 101              	.LFE247:
 103              		.section	.text.SystemClock_Config,"ax",%progbits
 104              		.align	1
 105              		.global	SystemClock_Config
 106              		.syntax unified
 107              		.thumb
 108              		.thumb_func
 110              	SystemClock_Config:
 111              	.LFB245:
 156:Src/main.c    ****   RCC_OscInitTypeDef RCC_OscInitStruct = {0};
 112              		.loc 1 156 1 view -0
 113              		.cfi_startproc
 114              		@ args = 0, pretend = 0, frame = 80
 115              		@ frame_needed = 0, uses_anonymous_args = 0
 116 0000 00B5     		push	{lr}
 117              	.LCFI1:
 118              		.cfi_def_cfa_offset 4
 119              		.cfi_offset 14, -4
 120 0002 95B0     		sub	sp, sp, #84
 121              	.LCFI2:
 122              		.cfi_def_cfa_offset 88
 157:Src/main.c    ****   RCC_ClkInitTypeDef RCC_ClkInitStruct = {0};
 123              		.loc 1 157 3 view .LVU16
 157:Src/main.c    ****   RCC_ClkInitTypeDef RCC_ClkInitStruct = {0};
 124              		.loc 1 157 22 is_stmt 0 view .LVU17
 125 0004 3022     		movs	r2, #48
 126 0006 0021     		movs	r1, #0
 127 0008 08A8     		add	r0, sp, #32
 128 000a FFF7FEFF 		bl	memset
 129              	.LVL4:
 158:Src/main.c    **** 
 130              		.loc 1 158 3 is_stmt 1 view .LVU18
 158:Src/main.c    **** 
 131              		.loc 1 158 22 is_stmt 0 view .LVU19
 132 000e 0023     		movs	r3, #0
 133 0010 0393     		str	r3, [sp, #12]
 134 0012 0493     		str	r3, [sp, #16]
 135 0014 0593     		str	r3, [sp, #20]
 136 0016 0693     		str	r3, [sp, #24]
 137 0018 0793     		str	r3, [sp, #28]
ARM GAS  C:\Users\ADMINI~1\AppData\Local\Temp\ccx0jpEt.s 			page 10


 162:Src/main.c    ****   __HAL_PWR_VOLTAGESCALING_CONFIG(PWR_REGULATOR_VOLTAGE_SCALE1);
 138              		.loc 1 162 3 is_stmt 1 view .LVU20
 139              	.LBB6:
 162:Src/main.c    ****   __HAL_PWR_VOLTAGESCALING_CONFIG(PWR_REGULATOR_VOLTAGE_SCALE1);
 140              		.loc 1 162 3 view .LVU21
 141 001a 0193     		str	r3, [sp, #4]
 162:Src/main.c    ****   __HAL_PWR_VOLTAGESCALING_CONFIG(PWR_REGULATOR_VOLTAGE_SCALE1);
 142              		.loc 1 162 3 view .LVU22
 143 001c 204A     		ldr	r2, .L15
 144 001e 116C     		ldr	r1, [r2, #64]
 145 0020 41F08051 		orr	r1, r1, #268435456
 146 0024 1164     		str	r1, [r2, #64]
 162:Src/main.c    ****   __HAL_PWR_VOLTAGESCALING_CONFIG(PWR_REGULATOR_VOLTAGE_SCALE1);
 147              		.loc 1 162 3 view .LVU23
 148 0026 126C     		ldr	r2, [r2, #64]
 149 0028 02F08052 		and	r2, r2, #268435456
 150 002c 0192     		str	r2, [sp, #4]
 162:Src/main.c    ****   __HAL_PWR_VOLTAGESCALING_CONFIG(PWR_REGULATOR_VOLTAGE_SCALE1);
 151              		.loc 1 162 3 view .LVU24
 152 002e 019A     		ldr	r2, [sp, #4]
 153              	.LBE6:
 162:Src/main.c    ****   __HAL_PWR_VOLTAGESCALING_CONFIG(PWR_REGULATOR_VOLTAGE_SCALE1);
 154              		.loc 1 162 3 view .LVU25
 163:Src/main.c    **** 
 155              		.loc 1 163 3 view .LVU26
 156              	.LBB7:
 163:Src/main.c    **** 
 157              		.loc 1 163 3 view .LVU27
 158 0030 0293     		str	r3, [sp, #8]
 163:Src/main.c    **** 
 159              		.loc 1 163 3 view .LVU28
 160 0032 1C4B     		ldr	r3, .L15+4
 161 0034 1A68     		ldr	r2, [r3]
 162 0036 42F48042 		orr	r2, r2, #16384
 163 003a 1A60     		str	r2, [r3]
 163:Src/main.c    **** 
 164              		.loc 1 163 3 view .LVU29
 165 003c 1B68     		ldr	r3, [r3]
 166 003e 03F48043 		and	r3, r3, #16384
 167 0042 0293     		str	r3, [sp, #8]
 163:Src/main.c    **** 
 168              		.loc 1 163 3 view .LVU30
 169 0044 029B     		ldr	r3, [sp, #8]
 170              	.LBE7:
 163:Src/main.c    **** 
 171              		.loc 1 163 3 view .LVU31
 168:Src/main.c    ****   RCC_OscInitStruct.HSEState = RCC_HSE_ON;
 172              		.loc 1 168 3 view .LVU32
 168:Src/main.c    ****   RCC_OscInitStruct.HSEState = RCC_HSE_ON;
 173              		.loc 1 168 36 is_stmt 0 view .LVU33
 174 0046 0123     		movs	r3, #1
 175 0048 0893     		str	r3, [sp, #32]
 169:Src/main.c    ****   RCC_OscInitStruct.PLL.PLLState = RCC_PLL_ON;
 176              		.loc 1 169 3 is_stmt 1 view .LVU34
 169:Src/main.c    ****   RCC_OscInitStruct.PLL.PLLState = RCC_PLL_ON;
 177              		.loc 1 169 30 is_stmt 0 view .LVU35
 178 004a 4FF48033 		mov	r3, #65536
ARM GAS  C:\Users\ADMINI~1\AppData\Local\Temp\ccx0jpEt.s 			page 11


 179 004e 0993     		str	r3, [sp, #36]
 170:Src/main.c    ****   RCC_OscInitStruct.PLL.PLLSource = RCC_PLLSOURCE_HSE;
 180              		.loc 1 170 3 is_stmt 1 view .LVU36
 170:Src/main.c    ****   RCC_OscInitStruct.PLL.PLLSource = RCC_PLLSOURCE_HSE;
 181              		.loc 1 170 34 is_stmt 0 view .LVU37
 182 0050 0223     		movs	r3, #2
 183 0052 0E93     		str	r3, [sp, #56]
 171:Src/main.c    ****   RCC_OscInitStruct.PLL.PLLM = 6;
 184              		.loc 1 171 3 is_stmt 1 view .LVU38
 171:Src/main.c    ****   RCC_OscInitStruct.PLL.PLLM = 6;
 185              		.loc 1 171 35 is_stmt 0 view .LVU39
 186 0054 4FF48002 		mov	r2, #4194304
 187 0058 0F92     		str	r2, [sp, #60]
 172:Src/main.c    ****   RCC_OscInitStruct.PLL.PLLN = 168;
 188              		.loc 1 172 3 is_stmt 1 view .LVU40
 172:Src/main.c    ****   RCC_OscInitStruct.PLL.PLLN = 168;
 189              		.loc 1 172 30 is_stmt 0 view .LVU41
 190 005a 0622     		movs	r2, #6
 191 005c 1092     		str	r2, [sp, #64]
 173:Src/main.c    ****   RCC_OscInitStruct.PLL.PLLP = RCC_PLLP_DIV2;
 192              		.loc 1 173 3 is_stmt 1 view .LVU42
 173:Src/main.c    ****   RCC_OscInitStruct.PLL.PLLP = RCC_PLLP_DIV2;
 193              		.loc 1 173 30 is_stmt 0 view .LVU43
 194 005e A822     		movs	r2, #168
 195 0060 1192     		str	r2, [sp, #68]
 174:Src/main.c    ****   RCC_OscInitStruct.PLL.PLLQ = 7;
 196              		.loc 1 174 3 is_stmt 1 view .LVU44
 174:Src/main.c    ****   RCC_OscInitStruct.PLL.PLLQ = 7;
 197              		.loc 1 174 30 is_stmt 0 view .LVU45
 198 0062 1293     		str	r3, [sp, #72]
 175:Src/main.c    ****   if (HAL_RCC_OscConfig(&RCC_OscInitStruct) != HAL_OK)
 199              		.loc 1 175 3 is_stmt 1 view .LVU46
 175:Src/main.c    ****   if (HAL_RCC_OscConfig(&RCC_OscInitStruct) != HAL_OK)
 200              		.loc 1 175 30 is_stmt 0 view .LVU47
 201 0064 0723     		movs	r3, #7
 202 0066 1393     		str	r3, [sp, #76]
 176:Src/main.c    ****   {
 203              		.loc 1 176 3 is_stmt 1 view .LVU48
 176:Src/main.c    ****   {
 204              		.loc 1 176 7 is_stmt 0 view .LVU49
 205 0068 08A8     		add	r0, sp, #32
 206 006a FFF7FEFF 		bl	HAL_RCC_OscConfig
 207              	.LVL5:
 176:Src/main.c    ****   {
 208              		.loc 1 176 6 discriminator 1 view .LVU50
 209 006e 98B9     		cbnz	r0, .L13
 183:Src/main.c    ****                               |RCC_CLOCKTYPE_PCLK1|RCC_CLOCKTYPE_PCLK2;
 210              		.loc 1 183 3 is_stmt 1 view .LVU51
 183:Src/main.c    ****                               |RCC_CLOCKTYPE_PCLK1|RCC_CLOCKTYPE_PCLK2;
 211              		.loc 1 183 31 is_stmt 0 view .LVU52
 212 0070 0F23     		movs	r3, #15
 213 0072 0393     		str	r3, [sp, #12]
 185:Src/main.c    ****   RCC_ClkInitStruct.AHBCLKDivider = RCC_SYSCLK_DIV1;
 214              		.loc 1 185 3 is_stmt 1 view .LVU53
 185:Src/main.c    ****   RCC_ClkInitStruct.AHBCLKDivider = RCC_SYSCLK_DIV1;
 215              		.loc 1 185 34 is_stmt 0 view .LVU54
 216 0074 0223     		movs	r3, #2
ARM GAS  C:\Users\ADMINI~1\AppData\Local\Temp\ccx0jpEt.s 			page 12


 217 0076 0493     		str	r3, [sp, #16]
 186:Src/main.c    ****   RCC_ClkInitStruct.APB1CLKDivider = RCC_HCLK_DIV4;
 218              		.loc 1 186 3 is_stmt 1 view .LVU55
 186:Src/main.c    ****   RCC_ClkInitStruct.APB1CLKDivider = RCC_HCLK_DIV4;
 219              		.loc 1 186 35 is_stmt 0 view .LVU56
 220 0078 0023     		movs	r3, #0
 221 007a 0593     		str	r3, [sp, #20]
 187:Src/main.c    ****   RCC_ClkInitStruct.APB2CLKDivider = RCC_HCLK_DIV2;
 222              		.loc 1 187 3 is_stmt 1 view .LVU57
 187:Src/main.c    ****   RCC_ClkInitStruct.APB2CLKDivider = RCC_HCLK_DIV2;
 223              		.loc 1 187 36 is_stmt 0 view .LVU58
 224 007c 4FF4A053 		mov	r3, #5120
 225 0080 0693     		str	r3, [sp, #24]
 188:Src/main.c    **** 
 226              		.loc 1 188 3 is_stmt 1 view .LVU59
 188:Src/main.c    **** 
 227              		.loc 1 188 36 is_stmt 0 view .LVU60
 228 0082 4FF48053 		mov	r3, #4096
 229 0086 0793     		str	r3, [sp, #28]
 190:Src/main.c    ****   {
 230              		.loc 1 190 3 is_stmt 1 view .LVU61
 190:Src/main.c    ****   {
 231              		.loc 1 190 7 is_stmt 0 view .LVU62
 232 0088 0521     		movs	r1, #5
 233 008a 03A8     		add	r0, sp, #12
 234 008c FFF7FEFF 		bl	HAL_RCC_ClockConfig
 235              	.LVL6:
 190:Src/main.c    ****   {
 236              		.loc 1 190 6 discriminator 1 view .LVU63
 237 0090 20B9     		cbnz	r0, .L14
 194:Src/main.c    **** 
 238              		.loc 1 194 1 view .LVU64
 239 0092 15B0     		add	sp, sp, #84
 240              	.LCFI3:
 241              		.cfi_remember_state
 242              		.cfi_def_cfa_offset 4
 243              		@ sp needed
 244 0094 5DF804FB 		ldr	pc, [sp], #4
 245              	.L13:
 246              	.LCFI4:
 247              		.cfi_restore_state
 178:Src/main.c    ****   }
 248              		.loc 1 178 5 is_stmt 1 view .LVU65
 249 0098 FFF7FEFF 		bl	Error_Handler
 250              	.LVL7:
 251              	.L14:
 192:Src/main.c    ****   }
 252              		.loc 1 192 5 view .LVU66
 253 009c FFF7FEFF 		bl	Error_Handler
 254              	.LVL8:
 255              	.L16:
 256              		.align	2
 257              	.L15:
 258 00a0 00380240 		.word	1073887232
 259 00a4 00700040 		.word	1073770496
 260              		.cfi_endproc
 261              	.LFE245:
ARM GAS  C:\Users\ADMINI~1\AppData\Local\Temp\ccx0jpEt.s 			page 13


 263              		.section	.text.main,"ax",%progbits
 264              		.align	1
 265              		.global	main
 266              		.syntax unified
 267              		.thumb
 268              		.thumb_func
 270              	main:
 271              	.LFB244:
  84:Src/main.c    ****   /* USER CODE BEGIN 1 */
 272              		.loc 1 84 1 view -0
 273              		.cfi_startproc
 274              		@ Volatile: function does not return.
 275              		@ args = 0, pretend = 0, frame = 0
 276              		@ frame_needed = 0, uses_anonymous_args = 0
 277 0000 08B5     		push	{r3, lr}
 278              	.LCFI5:
 279              		.cfi_def_cfa_offset 8
 280              		.cfi_offset 3, -8
 281              		.cfi_offset 14, -4
  93:Src/main.c    **** 
 282              		.loc 1 93 3 view .LVU68
 283 0002 FFF7FEFF 		bl	HAL_Init
 284              	.LVL9:
 100:Src/main.c    **** 
 285              		.loc 1 100 3 view .LVU69
 286 0006 FFF7FEFF 		bl	SystemClock_Config
 287              	.LVL10:
 107:Src/main.c    ****   MX_DMA_Init();
 288              		.loc 1 107 3 view .LVU70
 289 000a FFF7FEFF 		bl	MX_GPIO_Init
 290              	.LVL11:
 108:Src/main.c    ****   MX_ADC1_Init();
 291              		.loc 1 108 3 view .LVU71
 292 000e FFF7FEFF 		bl	MX_DMA_Init
 293              	.LVL12:
 109:Src/main.c    ****   MX_CAN1_Init();
 294              		.loc 1 109 3 view .LVU72
 295 0012 FFF7FEFF 		bl	MX_ADC1_Init
 296              	.LVL13:
 110:Src/main.c    ****   MX_CAN2_Init();
 297              		.loc 1 110 3 view .LVU73
 298 0016 FFF7FEFF 		bl	MX_CAN1_Init
 299              	.LVL14:
 111:Src/main.c    ****   MX_SPI1_Init();
 300              		.loc 1 111 3 view .LVU74
 301 001a FFF7FEFF 		bl	MX_CAN2_Init
 302              	.LVL15:
 112:Src/main.c    ****   MX_TIM4_Init();
 303              		.loc 1 112 3 view .LVU75
 304 001e FFF7FEFF 		bl	MX_SPI1_Init
 305              	.LVL16:
 113:Src/main.c    ****   MX_TIM5_Init();
 306              		.loc 1 113 3 view .LVU76
 307 0022 FFF7FEFF 		bl	MX_TIM4_Init
 308              	.LVL17:
 114:Src/main.c    ****   MX_USART3_UART_Init();
 309              		.loc 1 114 3 view .LVU77
ARM GAS  C:\Users\ADMINI~1\AppData\Local\Temp\ccx0jpEt.s 			page 14


 310 0026 FFF7FEFF 		bl	MX_TIM5_Init
 311              	.LVL18:
 115:Src/main.c    ****   MX_RNG_Init();
 312              		.loc 1 115 3 view .LVU78
 313 002a FFF7FEFF 		bl	MX_USART3_UART_Init
 314              	.LVL19:
 116:Src/main.c    ****   MX_RTC_Init();
 315              		.loc 1 116 3 view .LVU79
 316 002e FFF7FEFF 		bl	MX_RNG_Init
 317              	.LVL20:
 117:Src/main.c    ****   MX_TIM1_Init();
 318              		.loc 1 117 3 view .LVU80
 319 0032 FFF7FEFF 		bl	MX_RTC_Init
 320              	.LVL21:
 118:Src/main.c    ****   MX_TIM10_Init();
 321              		.loc 1 118 3 view .LVU81
 322 0036 FFF7FEFF 		bl	MX_TIM1_Init
 323              	.LVL22:
 119:Src/main.c    ****   MX_USART1_UART_Init();
 324              		.loc 1 119 3 view .LVU82
 325 003a FFF7FEFF 		bl	MX_TIM10_Init
 326              	.LVL23:
 120:Src/main.c    ****   MX_USART6_UART_Init();
 327              		.loc 1 120 3 view .LVU83
 328 003e FFF7FEFF 		bl	MX_USART1_UART_Init
 329              	.LVL24:
 121:Src/main.c    ****   MX_TIM8_Init();
 330              		.loc 1 121 3 view .LVU84
 331 0042 FFF7FEFF 		bl	MX_USART6_UART_Init
 332              	.LVL25:
 122:Src/main.c    ****   MX_I2C2_Init();
 333              		.loc 1 122 3 view .LVU85
 334 0046 FFF7FEFF 		bl	MX_TIM8_Init
 335              	.LVL26:
 123:Src/main.c    ****   MX_I2C3_Init();
 336              		.loc 1 123 3 view .LVU86
 337 004a FFF7FEFF 		bl	MX_I2C2_Init
 338              	.LVL27:
 124:Src/main.c    ****   MX_SPI2_Init();
 339              		.loc 1 124 3 view .LVU87
 340 004e FFF7FEFF 		bl	MX_I2C3_Init
 341              	.LVL28:
 125:Src/main.c    ****   MX_CRC_Init();
 342              		.loc 1 125 3 view .LVU88
 343 0052 FFF7FEFF 		bl	MX_SPI2_Init
 344              	.LVL29:
 126:Src/main.c    ****   MX_DAC_Init();
 345              		.loc 1 126 3 view .LVU89
 346 0056 FFF7FEFF 		bl	MX_CRC_Init
 347              	.LVL30:
 127:Src/main.c    ****   /* USER CODE BEGIN 2 */
 348              		.loc 1 127 3 view .LVU90
 349 005a FFF7FEFF 		bl	MX_DAC_Init
 350              	.LVL31:
 129:Src/main.c    ****   LOGINFO("[main] SystemInit() and RobotInit() done");
 351              		.loc 1 129 2 view .LVU91
 352 005e FFF7FEFF 		bl	RobotInit
ARM GAS  C:\Users\ADMINI~1\AppData\Local\Temp\ccx0jpEt.s 			page 15


 353              	.LVL32:
 130:Src/main.c    ****   /* USER CODE END 2 */
 354              		.loc 1 130 54 view .LVU92
 134:Src/main.c    **** 
 355              		.loc 1 134 3 view .LVU93
 356 0062 FFF7FEFF 		bl	MX_FREERTOS_Init
 357              	.LVL33:
 137:Src/main.c    **** 
 358              		.loc 1 137 3 view .LVU94
 359 0066 FFF7FEFF 		bl	osKernelStart
 360              	.LVL34:
 361              	.L18:
 142:Src/main.c    ****   {
 362              		.loc 1 142 3 view .LVU95
 147:Src/main.c    ****   /* USER CODE END 3 */
 363              		.loc 1 147 3 view .LVU96
 142:Src/main.c    ****   {
 364              		.loc 1 142 9 view .LVU97
 365 006a FEE7     		b	.L18
 366              		.cfi_endproc
 367              	.LFE244:
 369              		.text
 370              	.Letext0:
 371              		.file 3 "D:/Msys2/mingw64/arm-none-eabi/include/machine/_default_types.h"
 372              		.file 4 "D:/Msys2/mingw64/arm-none-eabi/include/sys/_stdint.h"
 373              		.file 5 "Drivers/CMSIS/Device/ST/STM32F4xx/Include/stm32f407xx.h"
 374              		.file 6 "Drivers/STM32F4xx_HAL_Driver/Inc/stm32f4xx_hal_def.h"
 375              		.file 7 "Drivers/STM32F4xx_HAL_Driver/Inc/stm32f4xx_hal_rcc_ex.h"
 376              		.file 8 "Drivers/STM32F4xx_HAL_Driver/Inc/stm32f4xx_hal_rcc.h"
 377              		.file 9 "Drivers/STM32F4xx_HAL_Driver/Inc/stm32f4xx_hal_dma.h"
 378              		.file 10 "Drivers/STM32F4xx_HAL_Driver/Inc/stm32f4xx_hal_tim.h"
 379              		.file 11 "Middlewares/Third_Party/FreeRTOS/Source/CMSIS_RTOS/cmsis_os.h"
 380              		.file 12 "Drivers/STM32F4xx_HAL_Driver/Inc/stm32f4xx_hal.h"
 381              		.file 13 "Inc/dac.h"
 382              		.file 14 "Inc/crc.h"
 383              		.file 15 "Inc/spi.h"
 384              		.file 16 "Inc/i2c.h"
 385              		.file 17 "Inc/tim.h"
 386              		.file 18 "Inc/usart.h"
 387              		.file 19 "Inc/rtc.h"
 388              		.file 20 "Inc/rng.h"
 389              		.file 21 "Inc/can.h"
 390              		.file 22 "Inc/adc.h"
 391              		.file 23 "Inc/dma.h"
 392              		.file 24 "Inc/gpio.h"
 393              		.file 25 "application/robot.h"
 394              		.file 26 "<built-in>"
ARM GAS  C:\Users\ADMINI~1\AppData\Local\Temp\ccx0jpEt.s 			page 16


DEFINED SYMBOLS
                            *ABS*:00000000 main.c
C:\Users\ADMINI~1\AppData\Local\Temp\ccx0jpEt.s:21     .text.HAL_TIM_PeriodElapsedCallback:00000000 $t
C:\Users\ADMINI~1\AppData\Local\Temp\ccx0jpEt.s:27     .text.HAL_TIM_PeriodElapsedCallback:00000000 HAL_TIM_PeriodElapsedCallback
C:\Users\ADMINI~1\AppData\Local\Temp\ccx0jpEt.s:61     .text.HAL_TIM_PeriodElapsedCallback:00000014 $d
C:\Users\ADMINI~1\AppData\Local\Temp\ccx0jpEt.s:66     .text.Error_Handler:00000000 $t
C:\Users\ADMINI~1\AppData\Local\Temp\ccx0jpEt.s:72     .text.Error_Handler:00000000 Error_Handler
C:\Users\ADMINI~1\AppData\Local\Temp\ccx0jpEt.s:104    .text.SystemClock_Config:00000000 $t
C:\Users\ADMINI~1\AppData\Local\Temp\ccx0jpEt.s:110    .text.SystemClock_Config:00000000 SystemClock_Config
C:\Users\ADMINI~1\AppData\Local\Temp\ccx0jpEt.s:258    .text.SystemClock_Config:000000a0 $d
C:\Users\ADMINI~1\AppData\Local\Temp\ccx0jpEt.s:264    .text.main:00000000 $t
C:\Users\ADMINI~1\AppData\Local\Temp\ccx0jpEt.s:270    .text.main:00000000 main

UNDEFINED SYMBOLS
HAL_IncTick
memset
HAL_RCC_OscConfig
HAL_RCC_ClockConfig
HAL_Init
MX_GPIO_Init
MX_DMA_Init
MX_ADC1_Init
MX_CAN1_Init
MX_CAN2_Init
MX_SPI1_Init
MX_TIM4_Init
MX_TIM5_Init
MX_USART3_UART_Init
MX_RNG_Init
MX_RTC_Init
MX_TIM1_Init
MX_TIM10_Init
MX_USART1_UART_Init
MX_USART6_UART_Init
MX_TIM8_Init
MX_I2C2_Init
MX_I2C3_Init
MX_SPI2_Init
MX_CRC_Init
MX_DAC_Init
RobotInit
MX_FREERTOS_Init
osKernelStart
