ARM GAS  C:\Users\ADMINI~1\AppData\Local\Temp\ccw77pfC.s 			page 1


   1              		.cpu cortex-m4
   2              		.arch armv7e-m
   3              		.fpu fpv4-sp-d16
   4              		.eabi_attribute 27, 1
   5              		.eabi_attribute 28, 1
   6              		.eabi_attribute 20, 1
   7              		.eabi_attribute 21, 1
   8              		.eabi_attribute 23, 3
   9              		.eabi_attribute 24, 1
  10              		.eabi_attribute 25, 1
  11              		.eabi_attribute 26, 1
  12              		.eabi_attribute 30, 1
  13              		.eabi_attribute 34, 1
  14              		.eabi_attribute 18, 4
  15              		.file	"robot_def.c"
  16              		.text
  17              	.Ltext0:
  18              		.cfi_sections	.debug_frame
  19              		.file 1 "application/robot_def.c"
  20              		.section	.text.RobotConfigInit,"ax",%progbits
  21              		.align	1
  22              		.global	RobotConfigInit
  23              		.syntax unified
  24              		.thumb
  25              		.thumb_func
  27              	RobotConfigInit:
  28              	.LVL0:
  29              	.LFB276:
   1:application/robot_def.c **** /**
   2:application/robot_def.c ****  * @file robot_def.h
   3:application/robot_def.c ****  * @author Zero lanmeiop@163.com
   4:application/robot_def.c ****  * @author Zero
   5:application/robot_def.c ****  * @version 0.1
   6:application/robot_def.c ****  * @date 2025-03-04
   7:application/robot_def.c ****  *
   8:application/robot_def.c ****  * @copyright Copyright (c) HNU YueLu EC 2022 all rights reserved
   9:application/robot_def.c ****  *
  10:application/robot_def.c ****  */
  11:application/robot_def.c **** #include "robot_def.h"
  12:application/robot_def.c **** 
  13:application/robot_def.c **** #include "infantry_config.h"
  14:application/robot_def.c **** #include "sentinel_config.h"
  15:application/robot_def.c **** #include "hero_config.h"
  16:application/robot_def.c **** 
  17:application/robot_def.c **** static Robot_Config_s *robot_instance = {NULL}; 
  18:application/robot_def.c **** 
  19:application/robot_def.c **** Robot_Config_s *RobotConfigInit(uint8_t id)
  20:application/robot_def.c **** {
  30              		.loc 1 20 1 view -0
  31              		.cfi_startproc
  32              		@ args = 0, pretend = 0, frame = 0
  33              		@ frame_needed = 0, uses_anonymous_args = 0
  34              		.loc 1 20 1 is_stmt 0 view .LVU1
  35 0000 38B5     		push	{r3, r4, r5, lr}
  36              	.LCFI0:
  37              		.cfi_def_cfa_offset 16
  38              		.cfi_offset 3, -16
ARM GAS  C:\Users\ADMINI~1\AppData\Local\Temp\ccw77pfC.s 			page 2


  39              		.cfi_offset 4, -12
  40              		.cfi_offset 5, -8
  41              		.cfi_offset 14, -4
  42 0002 0546     		mov	r5, r0
  21:application/robot_def.c ****     Robot_Config_s *instance = (Robot_Config_s *)malloc(sizeof(Robot_Config_s));
  43              		.loc 1 21 5 is_stmt 1 view .LVU2
  44              		.loc 1 21 50 is_stmt 0 view .LVU3
  45 0004 40F2D440 		movw	r0, #1236
  46              	.LVL1:
  47              		.loc 1 21 50 view .LVU4
  48 0008 FFF7FEFF 		bl	malloc
  49              	.LVL2:
  50 000c 0446     		mov	r4, r0
  51              	.LVL3:
  22:application/robot_def.c ****     memset(instance, 0, sizeof(Robot_Config_s));
  52              		.loc 1 22 5 is_stmt 1 view .LVU5
  53 000e 40F2D442 		movw	r2, #1236
  54 0012 0021     		movs	r1, #0
  55 0014 FFF7FEFF 		bl	memset
  56              	.LVL4:
  23:application/robot_def.c **** 
  24:application/robot_def.c ****     if (id == ROBOT_ID)
  57              		.loc 1 24 5 view .LVU6
  58              		.loc 1 24 8 is_stmt 0 view .LVU7
  59 0018 042D     		cmp	r5, #4
  60 001a 03D0     		beq	.L4
  61              	.L2:
  25:application/robot_def.c ****     {
  26:application/robot_def.c ****         switch (id)
  27:application/robot_def.c ****         {
  28:application/robot_def.c ****         case HERO_ROBOT:
  29:application/robot_def.c ****             instance = HeroConfigInit();
  30:application/robot_def.c ****             break;
  31:application/robot_def.c ****         case ENGINEER_ROBOT:
  32:application/robot_def.c ****             break;
  33:application/robot_def.c ****         case INFANTRY_ROBOT_3:
  34:application/robot_def.c ****             instance = InfantryConfigInit(INFANTRY_ROBOT_3);
  35:application/robot_def.c ****             break;
  36:application/robot_def.c ****         case INFANTRY_ROBOT_4:
  37:application/robot_def.c ****             instance = InfantryConfigInit(INFANTRY_ROBOT_4);
  38:application/robot_def.c ****             break;
  39:application/robot_def.c ****         case INFANTRY_ROBOT_5:
  40:application/robot_def.c ****             instance = InfantryConfigInit(INFANTRY_ROBOT_5);
  41:application/robot_def.c ****             break;
  42:application/robot_def.c ****         case AERIAL_ROBOT:
  43:application/robot_def.c ****             break;
  44:application/robot_def.c ****         case SENTINEL_ROBOT:
  45:application/robot_def.c ****             instance = SentinelConfigInit();
  46:application/robot_def.c ****             break;
  47:application/robot_def.c ****         case DART_ROBOT:
  48:application/robot_def.c ****             break;
  49:application/robot_def.c ****         default:
  50:application/robot_def.c ****             break;
  51:application/robot_def.c ****         }
  52:application/robot_def.c ****     }
  53:application/robot_def.c **** 
  54:application/robot_def.c ****     robot_instance = instance;
ARM GAS  C:\Users\ADMINI~1\AppData\Local\Temp\ccw77pfC.s 			page 3


  62              		.loc 1 54 5 is_stmt 1 view .LVU8
  63              		.loc 1 54 20 is_stmt 0 view .LVU9
  64 001c 044B     		ldr	r3, .L5
  65 001e 1C60     		str	r4, [r3]
  55:application/robot_def.c ****     return instance;
  66              		.loc 1 55 5 is_stmt 1 view .LVU10
  56:application/robot_def.c **** }
  67              		.loc 1 56 1 is_stmt 0 view .LVU11
  68 0020 2046     		mov	r0, r4
  69 0022 38BD     		pop	{r3, r4, r5, pc}
  70              	.LVL5:
  71              	.L4:
  26:application/robot_def.c ****         {
  72              		.loc 1 26 9 is_stmt 1 view .LVU12
  37:application/robot_def.c ****             break;
  73              		.loc 1 37 13 view .LVU13
  37:application/robot_def.c ****             break;
  74              		.loc 1 37 24 is_stmt 0 view .LVU14
  75 0024 0420     		movs	r0, #4
  76 0026 FFF7FEFF 		bl	InfantryConfigInit
  77              	.LVL6:
  78 002a 0446     		mov	r4, r0
  79              	.LVL7:
  38:application/robot_def.c ****         case INFANTRY_ROBOT_5:
  80              		.loc 1 38 13 is_stmt 1 view .LVU15
  81 002c F6E7     		b	.L2
  82              	.L6:
  83 002e 00BF     		.align	2
  84              	.L5:
  85 0030 00000000 		.word	robot_instance
  86              		.cfi_endproc
  87              	.LFE276:
  89              		.section	.text.ChassisConfigFeed,"ax",%progbits
  90              		.align	1
  91              		.global	ChassisConfigFeed
  92              		.syntax unified
  93              		.thumb
  94              		.thumb_func
  96              	ChassisConfigFeed:
  97              	.LFB277:
  57:application/robot_def.c **** 
  58:application/robot_def.c **** Chassis_Config_s *ChassisConfigFeed(void)
  59:application/robot_def.c **** {
  98              		.loc 1 59 1 view -0
  99              		.cfi_startproc
 100              		@ args = 0, pretend = 0, frame = 0
 101              		@ frame_needed = 0, uses_anonymous_args = 0
 102              		@ link register save eliminated.
  60:application/robot_def.c ****     return &robot_instance->chassis_param;
 103              		.loc 1 60 5 view .LVU17
  61:application/robot_def.c **** }
 104              		.loc 1 61 1 is_stmt 0 view .LVU18
 105 0000 014B     		ldr	r3, .L8
 106 0002 1868     		ldr	r0, [r3]
 107 0004 7047     		bx	lr
 108              	.L9:
 109 0006 00BF     		.align	2
ARM GAS  C:\Users\ADMINI~1\AppData\Local\Temp\ccw77pfC.s 			page 4


 110              	.L8:
 111 0008 00000000 		.word	robot_instance
 112              		.cfi_endproc
 113              	.LFE277:
 115              		.section	.text.GimbalConfigFeed,"ax",%progbits
 116              		.align	1
 117              		.global	GimbalConfigFeed
 118              		.syntax unified
 119              		.thumb
 120              		.thumb_func
 122              	GimbalConfigFeed:
 123              	.LFB278:
  62:application/robot_def.c **** 
  63:application/robot_def.c **** Gimbal_Config_s *GimbalConfigFeed(void)
  64:application/robot_def.c **** {
 124              		.loc 1 64 1 is_stmt 1 view -0
 125              		.cfi_startproc
 126              		@ args = 0, pretend = 0, frame = 0
 127              		@ frame_needed = 0, uses_anonymous_args = 0
 128              		@ link register save eliminated.
  65:application/robot_def.c ****     return &robot_instance->gimbal_param;
 129              		.loc 1 65 5 view .LVU20
 130              		.loc 1 65 27 is_stmt 0 view .LVU21
 131 0000 024B     		ldr	r3, .L11
 132 0002 1868     		ldr	r0, [r3]
  66:application/robot_def.c **** }
 133              		.loc 1 66 1 view .LVU22
 134 0004 00F58670 		add	r0, r0, #268
 135 0008 7047     		bx	lr
 136              	.L12:
 137 000a 00BF     		.align	2
 138              	.L11:
 139 000c 00000000 		.word	robot_instance
 140              		.cfi_endproc
 141              	.LFE278:
 143              		.section	.text.ShootConfigFeed,"ax",%progbits
 144              		.align	1
 145              		.global	ShootConfigFeed
 146              		.syntax unified
 147              		.thumb
 148              		.thumb_func
 150              	ShootConfigFeed:
 151              	.LFB279:
  67:application/robot_def.c **** Shoot_Config_s *ShootConfigFeed(void)
  68:application/robot_def.c **** {
 152              		.loc 1 68 1 is_stmt 1 view -0
 153              		.cfi_startproc
 154              		@ args = 0, pretend = 0, frame = 0
 155              		@ frame_needed = 0, uses_anonymous_args = 0
 156              		@ link register save eliminated.
  69:application/robot_def.c ****     return &robot_instance->shoot_param;
 157              		.loc 1 69 5 view .LVU24
 158              		.loc 1 69 27 is_stmt 0 view .LVU25
 159 0000 024B     		ldr	r3, .L14
 160 0002 1868     		ldr	r0, [r3]
  70:application/robot_def.c **** }...
 161              		.loc 1 70 1 view .LVU26
ARM GAS  C:\Users\ADMINI~1\AppData\Local\Temp\ccw77pfC.s 			page 5


 162 0004 00F55470 		add	r0, r0, #848
 163 0008 7047     		bx	lr
 164              	.L15:
 165 000a 00BF     		.align	2
 166              	.L14:
 167 000c 00000000 		.word	robot_instance
 168              		.cfi_endproc
 169              	.LFE279:
 171              		.section	.bss.robot_instance,"aw",%nobits
 172              		.align	2
 175              	robot_instance:
 176 0000 00000000 		.space	4
 177              		.text
 178              	.Letext0:
 179              		.file 2 "D:/Msys2/mingw64/arm-none-eabi/include/machine/_default_types.h"
 180              		.file 3 "D:/Msys2/mingw64/arm-none-eabi/include/sys/_stdint.h"
 181              		.file 4 "Drivers/CMSIS/Device/ST/STM32F4xx/Include/stm32f407xx.h"
 182              		.file 5 "Drivers/CMSIS/Device/ST/STM32F4xx/Include/stm32f4xx.h"
 183              		.file 6 "D:/Msys2/mingw64/lib/gcc/arm-none-eabi/13.3.0/include/stddef.h"
 184              		.file 7 "Drivers/STM32F4xx_HAL_Driver/Inc/stm32f4xx_hal_can.h"
 185              		.file 8 "bsp/can/bsp_can.h"
 186              		.file 9 "modules/algorithm/controller.h"
 187              		.file 10 "modules/motor/motor_def.h"
 188              		.file 11 "application/config/config.h"
 189              		.file 12 "application/config/sentinel_robot/sentinel_config.h"
 190              		.file 13 "application/config/hero_robot/hero_config.h"
 191              		.file 14 "application/config/infantry_robot/infantry_config.h"
 192              		.file 15 "D:/Msys2/mingw64/arm-none-eabi/include/string.h"
 193              		.file 16 "D:/Msys2/mingw64/arm-none-eabi/include/stdlib.h"
 194              		.file 17 "<built-in>"
ARM GAS  C:\Users\ADMINI~1\AppData\Local\Temp\ccw77pfC.s 			page 6


DEFINED SYMBOLS
                            *ABS*:00000000 robot_def.c
C:\Users\ADMINI~1\AppData\Local\Temp\ccw77pfC.s:21     .text.RobotConfigInit:00000000 $t
C:\Users\ADMINI~1\AppData\Local\Temp\ccw77pfC.s:27     .text.RobotConfigInit:00000000 RobotConfigInit
C:\Users\ADMINI~1\AppData\Local\Temp\ccw77pfC.s:85     .text.RobotConfigInit:00000030 $d
C:\Users\ADMINI~1\AppData\Local\Temp\ccw77pfC.s:175    .bss.robot_instance:00000000 robot_instance
C:\Users\ADMINI~1\AppData\Local\Temp\ccw77pfC.s:90     .text.ChassisConfigFeed:00000000 $t
C:\Users\ADMINI~1\AppData\Local\Temp\ccw77pfC.s:96     .text.ChassisConfigFeed:00000000 ChassisConfigFeed
C:\Users\ADMINI~1\AppData\Local\Temp\ccw77pfC.s:111    .text.ChassisConfigFeed:00000008 $d
C:\Users\ADMINI~1\AppData\Local\Temp\ccw77pfC.s:116    .text.GimbalConfigFeed:00000000 $t
C:\Users\ADMINI~1\AppData\Local\Temp\ccw77pfC.s:122    .text.GimbalConfigFeed:00000000 GimbalConfigFeed
C:\Users\ADMINI~1\AppData\Local\Temp\ccw77pfC.s:139    .text.GimbalConfigFeed:0000000c $d
C:\Users\ADMINI~1\AppData\Local\Temp\ccw77pfC.s:144    .text.ShootConfigFeed:00000000 $t
C:\Users\ADMINI~1\AppData\Local\Temp\ccw77pfC.s:150    .text.ShootConfigFeed:00000000 ShootConfigFeed
C:\Users\ADMINI~1\AppData\Local\Temp\ccw77pfC.s:167    .text.ShootConfigFeed:0000000c $d
C:\Users\ADMINI~1\AppData\Local\Temp\ccw77pfC.s:172    .bss.robot_instance:00000000 $d

UNDEFINED SYMBOLS
malloc
memset
InfantryConfigInit
